05-10 07:12:21.138 I/AidlLazyServiceRegistrar(25000): Process has 0 (of 1 available) client(s) in use after notification artd has clients: 0
05-10 07:12:21.138 I/AidlLazyServiceRegistrar(25000): Trying to shut down the service. No clients in use for any service in process.
05-10 07:12:14.506 I/AidlLazyServiceRegistrar(25044): Process has 0 (of 1 available) client(s) in use after notification apexservice has clients: 0
05-10 07:12:14.506 I/AidlLazyServiceRegistrar(25044): Trying to shut down the service. No clients in use for any service in process.
05-10 07:12:14.506 I/servicemanager(  803): Caller(pid=25044,uid=0,sid=u:r:apexd:s0) Unregistering apexservice
05-10 07:12:14.506 I/BpBinder(  803): onLastStrongRef automatically unlinking death recipients:
05-10 07:12:14.507 I/servicemanager(  803): Caller(pid=25000,uid=1082,sid=u:r:artd:s0) Unregistering artd
05-10 07:12:14.507 I/BpBinder(  803): onLastStrongRef automatically unlinking death recipients:
05-10 07:12:14.507 I/AidlLazyServiceRegistrar(25044): Unregistered all clients and exiting
05-10 07:12:21.139 I/AidlLazyServiceRegistrar(25000): Unregistered all clients and exiting
05-10 07:12:14.520 I/init    (    1): Service 'apexd' (pid 25044) exited with status 0 oneshot service took 59.014000 seconds in background
05-10 07:12:14.520 I/init    (    1): Sending signal 9 to service 'apexd' (pid 25044) process group...
05-10 07:12:14.520 I/libprocessgroup(    1): Removed cgroup /sys/fs/cgroup/system/uid_0/pid_25044
05-10 07:12:14.524 I/init    (    1): Service 'artd' (pid 25000) exited with status 0 oneshot service took 61.875999 seconds in background
05-10 07:12:14.524 I/init    (    1): Sending signal 9 to service 'artd' (pid 25000) process group...
05-10 07:12:14.524 I/libprocessgroup(    1): Removed cgroup /sys/fs/cgroup/system/uid_1082/pid_25000
05-10 07:12:14.649 E/ipa_pm_handle_suspend(19980): 1280 Client IPA_CLIENT_APPS_WAN_CONS woke up the system
05-10 07:12:21.284 I/minksocket( 1477): MinkIPC MESSAGE: ( 1477:1541 ) MinkIPC_QRTR_Service:351 minkipc = 0xb400007327854430 sock = 20, client with node 1 port 60fc went down
05-10 07:12:21.285 I/minksocket( 1477): MinkIPC MESSAGE: ( 1477:1559 ) MinkIPC_QRTR_Service:351 minkipc = 0xb400007327854850 sock = 29, client with node 1 port 60fc went down
05-10 07:12:21.286 I/minksocket( 1477): MinkIPC MESSAGE: ( 1477:1541 ) MinkIPC_QRTR_Service:351 minkipc = 0xb400007327854430 sock = 20, client with node 1 port 60fd went down
05-10 07:12:21.287 I/minksocket( 1477): MinkIPC MESSAGE: ( 1477:1559 ) MinkIPC_QRTR_Service:351 minkipc = 0xb400007327854850 sock = 29, client with node 1 port 60fd went down
05-10 07:12:21.287 I/minksocket( 1477): MinkIPC MESSAGE: ( 1477:1541 ) MinkIPC_QRTR_Service:351 minkipc = 0xb400007327854430 sock = 20, client with node 1 port 60fe went down
05-10 07:12:21.288 I/minksocket( 1477): MinkIPC MESSAGE: ( 1477:1559 ) MinkIPC_QRTR_Service:351 minkipc = 0xb400007327854850 sock = 29, client with node 1 port 60fe went down
05-10 07:12:21.291 I/minksocket( 1477): MinkIPC MESSAGE: ( 1477:1541 ) MinkIPC_QRTR_Service:351 minkipc = 0xb400007327854430 sock = 20, client with node 1 port 60ff went down
05-10 07:12:21.291 I/minksocket( 1477): MinkIPC MESSAGE: ( 1477:1559 ) MinkIPC_QRTR_Service:351 minkipc = 0xb400007327854850 sock = 29, client with node 1 port 60ff went down
05-10 07:12:22.385 I/minksocket( 1477): MinkIPC MESSAGE: ( 1477:1541 ) MinkIPC_QRTR_Service:351 minkipc = 0xb400007327854430 sock = 20, client with node 1 port 6100 went down
05-10 07:12:22.385 I/minksocket( 1477): MinkIPC MESSAGE: ( 1477:1559 ) MinkIPC_QRTR_Service:351 minkipc = 0xb400007327854850 sock = 29, client with node 1 port 6100 went down
05-10 07:12:22.389 I/minksocket( 1477): MinkIPC MESSAGE: ( 1477:1541 ) MinkIPC_QRTR_Service:351 minkipc = 0xb400007327854430 sock = 20, client with node 1 port 6101 went down
05-10 07:12:22.389 I/minksocket( 1477): MinkIPC MESSAGE: ( 1477:1559 ) MinkIPC_QRTR_Service:351 minkipc = 0xb400007327854850 sock = 29, client with node 1 port 6101 went down
05-10 07:12:22.394 I/minksocket( 1477): MinkIPC MESSAGE: ( 1477:1541 ) MinkIPC_QRTR_Service:351 minkipc = 0xb400007327854430 sock = 20, client with node 1 port 6102 went down
05-10 07:12:22.394 I/minksocket( 1477): MinkIPC MESSAGE: ( 1477:1559 ) MinkIPC_QRTR_Service:351 minkipc = 0xb400007327854850 sock = 29, client with node 1 port 6102 went down
05-10 07:12:22.397 I/minksocket( 1477): MinkIPC MESSAGE: ( 1477:1541 ) MinkIPC_QRTR_Service:351 minkipc = 0xb400007327854430 sock = 20, client with node 1 port 6103 went down
05-10 07:12:22.397 I/minksocket( 1477): MinkIPC MESSAGE: ( 1477:1559 ) MinkIPC_QRTR_Service:351 minkipc = 0xb400007327854850 sock = 29, client with node 1 port 6103 went down
05-10 07:12:15.771 E/ipa_pm_handle_suspend(25921): 1280 Client IPA_CLIENT_APPS_WAN_CONS woke up the system
05-10 07:12:22.492 I/minksocket( 1477): MinkIPC MESSAGE: ( 1477:1541 ) MinkIPC_QRTR_Service:351 minkipc = 0xb400007327854430 sock = 20, client with node 1 port 60f7 went down
05-10 07:12:22.492 I/minksocket( 1477): MinkIPC MESSAGE: ( 1477:1559 ) MinkIPC_QRTR_Service:351 minkipc = 0xb400007327854850 sock = 29, client with node 1 port 60f7 went down
05-10 07:12:22.495 I/minksocket( 1477): MinkIPC MESSAGE: ( 1477:1541 ) MinkIPC_QRTR_Service:351 minkipc = 0xb400007327854430 sock = 20, client with node 1 port 60fb went down
05-10 07:12:22.496 I/minksocket( 1477): MinkIPC MESSAGE: ( 1477:1559 ) MinkIPC_QRTR_Service:351 minkipc = 0xb400007327854850 sock = 29, client with node 1 port 60fb went down
05-10 07:12:16.247 E/ipa_pm_handle_suspend(25921): 1280 Client IPA_CLIENT_APPS_WAN_LOW_LAT_CONS woke up the system
05-10 07:12:23.485 I/minksocket( 1477): MinkIPC MESSAGE: ( 1477:1541 ) MinkIPC_QRTR_Service:351 minkipc = 0xb400007327854430 sock = 20, client with node 1 port 6104 went down
05-10 07:12:23.485 I/minksocket( 1477): MinkIPC MESSAGE: ( 1477:1559 ) MinkIPC_QRTR_Service:351 minkipc = 0xb400007327854850 sock = 29, client with node 1 port 6104 went down
05-10 07:12:23.493 I/minksocket( 1477): MinkIPC MESSAGE: ( 1477:1541 ) MinkIPC_QRTR_Service:351 minkipc = 0xb400007327854430 sock = 20, client with node 1 port 6105 went down
05-10 07:12:23.493 I/minksocket( 1477): MinkIPC MESSAGE: ( 1477:1559 ) MinkIPC_QRTR_Service:351 minkipc = 0xb400007327854850 sock = 29, client with node 1 port 6105 went down
05-10 07:12:23.502 I/minksocket( 1477): MinkIPC MESSAGE: ( 1477:1541 ) MinkIPC_QRTR_Service:351 minkipc = 0xb400007327854430 sock = 20, client with node 1 port 6106 went down
05-10 07:12:23.502 I/minksocket( 1477): MinkIPC MESSAGE: ( 1477:1559 ) MinkIPC_QRTR_Service:351 minkipc = 0xb400007327854850 sock = 29, client with node 1 port 6106 went down
05-10 07:12:23.508 I/minksocket( 1477): MinkIPC MESSAGE: ( 1477:1541 ) MinkIPC_QRTR_Service:351 minkipc = 0xb400007327854430 sock = 20, client with node 1 port 6107 went down
05-10 07:12:23.509 I/minksocket( 1477): MinkIPC MESSAGE: ( 1477:1559 ) MinkIPC_QRTR_Service:351 minkipc = 0xb400007327854850 sock = 29, client with node 1 port 6107 went down
05-10 07:12:24.588 I/minksocket( 1477): MinkIPC MESSAGE: ( 1477:1541 ) MinkIPC_QRTR_Service:351 minkipc = 0xb400007327854430 sock = 20, client with node 1 port 6108 went down
05-10 07:12:24.589 I/minksocket( 1477): MinkIPC MESSAGE: ( 1477:1559 ) MinkIPC_QRTR_Service:351 minkipc = 0xb400007327854850 sock = 29, client with node 1 port 6108 went down
05-10 07:12:24.593 I/minksocket( 1477): MinkIPC MESSAGE: ( 1477:1541 ) MinkIPC_QRTR_Service:351 minkipc = 0xb400007327854430 sock = 20, client with node 1 port 6109 went down
05-10 07:12:24.593 I/minksocket( 1477): MinkIPC MESSAGE: ( 1477:1559 ) MinkIPC_QRTR_Service:351 minkipc = 0xb400007327854850 sock = 29, client with node 1 port 6109 went down
05-10 07:12:24.597 I/minksocket( 1477): MinkIPC MESSAGE: ( 1477:1541 ) MinkIPC_QRTR_Service:351 minkipc = 0xb400007327854430 sock = 20, client with node 1 port 610a went down
05-10 07:12:24.597 I/minksocket( 1477): MinkIPC MESSAGE: ( 1477:1559 ) MinkIPC_QRTR_Service:351 minkipc = 0xb400007327854850 sock = 29, client with node 1 port 610a went down
05-10 07:12:24.601 I/minksocket( 1477): MinkIPC MESSAGE: ( 1477:1541 ) MinkIPC_QRTR_Service:351 minkipc = 0xb400007327854430 sock = 20, client with node 1 port 610b went down
05-10 07:12:24.601 I/minksocket( 1477): MinkIPC MESSAGE: ( 1477:1559 ) MinkIPC_QRTR_Service:351 minkipc = 0xb400007327854850 sock = 29, client with node 1 port 610b went down
05-10 07:12:24.643 E/NtChgAidl( 1606): NtChgAidl: mBattTempRegion _aidl_return:0
05-10 07:12:18.009 E/healthd ( 1506): soc_b:0, soc:79, soc_c:80, Vol:4181, Cur:284,chg_s:1,t_l:205,b_s:2,OffTlast:20,lcd_off:1,Vu:4784,Vw:0,pid:1506,brightness:1.889764,rmCap:3949
05-10 07:12:18.009 E/healthd ( 1506): battery l=80 v=4181 t=37.0 h=2 st=2 c=284736 fc=4969000 cc=97 chg=u
05-10 07:12:18.024 E/healthd ( 1506): soc_b:0, soc:79, soc_c:80, Vol:4181, Cur:284,chg_s:1,t_l:205,b_s:2,OffTlast:20,lcd_off:1,Vu:4782,Vw:0,pid:1506,brightness:1.889764,rmCap:3949
05-10 07:12:24.658 E/NtChgAidl( 1606): NtChgAidl: mBattTempRegion _aidl_return:0
05-10 07:12:18.025 W/HealthLoop( 1506): debug.tracing.screen_brightness:1.889764
05-10 07:12:25.329 W/pmCoreThread( 1595): type=1400 audit(0.0:2265110846): avc:  denied  { write } for  name="qlm_service" dev="tmpfs" ino=1638 scontext=u:r:vendor_hal_poweroptservice_qti:s0 tcontext=u:object_r:vendor_qlm_socket:s0 tclass=sock_file permissive=0
05-10 07:12:25.331 E/QLM-Client-Lib( 1595): QLM-Lib-Client:do_common_listen:connect failure, err:13, path:/dev/socket/qlm_service
05-10 07:12:25.649 I/NtCharge( 2539): mLastBatteryCycleCount:97
05-10 07:12:25.657 D/NtCharge( 2539):  currentTimeInDay: 20583 LastTimeInDay: 20249 diff: 334
05-10 07:12:19.452 E/ipa_pm_handle_suspend(19980): 1280 Client IPA_CLIENT_APPS_WAN_LOW_LAT_CONS woke up the system
05-10 07:12:26.219 I/minksocket( 1477): MinkIPC MESSAGE: ( 1477:1541 ) MinkIPC_QRTR_Service:351 minkipc = 0xb400007327854430 sock = 20, client with node 1 port 610c went down
05-10 07:12:26.220 I/minksocket( 1477): MinkIPC MESSAGE: ( 1477:1559 ) MinkIPC_QRTR_Service:351 minkipc = 0xb400007327854850 sock = 29, client with node 1 port 610c went down
05-10 07:12:26.226 I/minksocket( 1477): MinkIPC MESSAGE: ( 1477:1541 ) MinkIPC_QRTR_Service:351 minkipc = 0xb400007327854430 sock = 20, client with node 1 port 610d went down
05-10 07:12:26.227 I/minksocket( 1477): MinkIPC MESSAGE: ( 1477:1559 ) MinkIPC_QRTR_Service:351 minkipc = 0xb400007327854850 sock = 29, client with node 1 port 610d went down
05-10 07:12:26.231 I/minksocket( 1477): MinkIPC MESSAGE: ( 1477:1541 ) MinkIPC_QRTR_Service:351 minkipc = 0xb400007327854430 sock = 20, client with node 1 port 610e went down
05-10 07:12:26.231 I/minksocket( 1477): MinkIPC MESSAGE: ( 1477:1559 ) MinkIPC_QRTR_Service:351 minkipc = 0xb400007327854850 sock = 29, client with node 1 port 610e went down
05-10 07:12:26.234 I/minksocket( 1477): MinkIPC MESSAGE: ( 1477:1541 ) MinkIPC_QRTR_Service:351 minkipc = 0xb400007327854430 sock = 20, client with node 1 port 610f went down
05-10 07:12:26.235 I/minksocket( 1477): MinkIPC MESSAGE: ( 1477:1559 ) MinkIPC_QRTR_Service:351 minkipc = 0xb400007327854850 sock = 29, client with node 1 port 610f went down
05-10 07:12:26.397 D/ActivityManager( 2539): freezing 17564 com.google.android.gms
05-10 07:12:20.402 E/ipa_pm_handle_suspend(25921): 1280 Client IPA_CLIENT_APPS_WAN_LOW_LAT_CONS woke up the system
05-10 07:12:27.319 I/minksocket( 1477): MinkIPC MESSAGE: ( 1477:1541 ) MinkIPC_QRTR_Service:351 minkipc = 0xb400007327854430 sock = 20, client with node 1 port 6110 went down
05-10 07:12:27.320 I/minksocket( 1477): MinkIPC MESSAGE: ( 1477:1559 ) MinkIPC_QRTR_Service:351 minkipc = 0xb400007327854850 sock = 29, client with node 1 port 6110 went down
05-10 07:12:27.326 I/minksocket( 1477): MinkIPC MESSAGE: ( 1477:1541 ) MinkIPC_QRTR_Service:351 minkipc = 0xb400007327854430 sock = 20, client with node 1 port 6111 went down
05-10 07:12:27.326 I/minksocket( 1477): MinkIPC MESSAGE: ( 1477:1559 ) MinkIPC_QRTR_Service:351 minkipc = 0xb400007327854850 sock = 29, client with node 1 port 6111 went down
05-10 07:12:27.330 I/minksocket( 1477): MinkIPC MESSAGE: ( 1477:1541 ) MinkIPC_QRTR_Service:351 minkipc = 0xb400007327854430 sock = 20, client with node 1 port 6112 went down
05-10 07:12:27.330 I/minksocket( 1477): MinkIPC MESSAGE: ( 1477:1559 ) MinkIPC_QRTR_Service:351 minkipc = 0xb400007327854850 sock = 29, client with node 1 port 6112 went down
05-10 07:12:27.332 I/minksocket( 1477): MinkIPC MESSAGE: ( 1477:1541 ) MinkIPC_QRTR_Service:351 minkipc = 0xb400007327854430 sock = 20, client with node 1 port 6113 went down
05-10 07:12:27.332 I/minksocket( 1477): MinkIPC MESSAGE: ( 1477:1559 ) MinkIPC_QRTR_Service:351 minkipc = 0xb400007327854850 sock = 29, client with node 1 port 6113 went down
05-10 07:12:28.335 I/ActivityManager( 2539): Killing 20301:com.google.android.partnersetup/u0a134 (adj 995): empty #31
05-10 07:12:21.759 I/binder  (21544): undelivered transaction 607426346, process died.
05-10 07:12:28.393 I/libprocessgroup( 2539): Removed cgroup /sys/fs/cgroup/apps/uid_10134/pid_20301
05-10 07:12:28.393 I/vendor.qti.hardware.servicetrackeraidl-service( 1647): killProcess is called for pid : 20301
05-10 07:12:28.393 I/Zygote  ( 1390): Process 20301 exited due to signal 9 (Killed)
05-10 07:12:28.393 I/vendor.qti.hardware.servicetrackeraidl-service( 1647): process with pid 20301 is client
05-10 07:12:28.393 I/vendor.qti.hardware.servicetrackeraidl-service( 1647): size of service connections for service: com.google.android.gms/.chimera.PersistentDirectBootAwareApiServiceafter removal is 64
05-10 07:12:28.393 I/vendor.qti.hardware.servicetrackeraidl-service( 1647): removing client with pid 20301process namecom.google.android.partnersetup
05-10 07:12:28.397 V/OsAgent ( 4717): broadcastSystemEvent - 7
05-10 07:12:28.420 I/minksocket( 1477): MinkIPC MESSAGE: ( 1477:1541 ) MinkIPC_QRTR_Service:351 minkipc = 0xb400007327854430 sock = 20, client with node 1 port 6114 went down
05-10 07:12:28.420 I/minksocket( 1477): MinkIPC MESSAGE: ( 1477:1559 ) MinkIPC_QRTR_Service:351 minkipc = 0xb400007327854850 sock = 29, client with node 1 port 6114 went down
05-10 07:12:28.427 I/minksocket( 1477): MinkIPC MESSAGE: ( 1477:1541 ) MinkIPC_QRTR_Service:351 minkipc = 0xb400007327854430 sock = 20, client with node 1 port 6115 went down
05-10 07:12:28.428 I/minksocket( 1477): MinkIPC MESSAGE: ( 1477:1559 ) MinkIPC_QRTR_Service:351 minkipc = 0xb400007327854850 sock = 29, client with node 1 port 6115 went down
05-10 07:12:28.432 I/minksocket( 1477): MinkIPC MESSAGE: ( 1477:1541 ) MinkIPC_QRTR_Service:351 minkipc = 0xb400007327854430 sock = 20, client with node 1 port 6116 went down
05-10 07:12:28.432 I/minksocket( 1477): MinkIPC MESSAGE: ( 1477:1559 ) MinkIPC_QRTR_Service:351 minkipc = 0xb400007327854850 sock = 29, client with node 1 port 6116 went down
05-10 07:12:28.435 I/minksocket( 1477): MinkIPC MESSAGE: ( 1477:1541 ) MinkIPC_QRTR_Service:351 minkipc = 0xb400007327854430 sock = 20, client with node 1 port 6117 went down
05-10 07:12:28.435 I/minksocket( 1477): MinkIPC MESSAGE: ( 1477:1559 ) MinkIPC_QRTR_Service:351 minkipc = 0xb400007327854850 sock = 29, client with node 1 port 6117 went down
05-10 07:12:30.017 I/CNSS    ( 2014): /sys/wifi/dump_in_progress doesn't exist
05-10 07:12:30.018 I/CNSS    ( 2014): /sys/wifi/max_chipset_log_size doesn't exist
05-10 07:12:30.069 D/Dragonite( 2539): release 36
05-10 07:12:30.069 D/Dragonite( 2539): invalid handle, ignore!
05-10 07:12:30.329 W/pmCoreThread( 1595): type=1400 audit(0.0:2265110847): avc:  denied  { write } for  name="qlm_service" dev="tmpfs" ino=1638 scontext=u:r:vendor_hal_poweroptservice_qti:s0 tcontext=u:object_r:vendor_qlm_socket:s0 tclass=sock_file permissive=0
05-10 07:12:30.333 E/QLM-Client-Lib( 1595): QLM-Lib-Client:do_common_listen:connect failure, err:13, path:/dev/socket/qlm_service
05-10 07:12:31.539 I/minksocket( 1477): MinkIPC MESSAGE: ( 1477:1541 ) MinkIPC_QRTR_Service:351 minkipc = 0xb400007327854430 sock = 20, client with node 1 port 6118 went down
05-10 07:12:31.540 I/minksocket( 1477): MinkIPC MESSAGE: ( 1477:1559 ) MinkIPC_QRTR_Service:351 minkipc = 0xb400007327854850 sock = 29, client with node 1 port 6118 went down
05-10 07:12:31.545 I/minksocket( 1477): MinkIPC MESSAGE: ( 1477:1541 ) MinkIPC_QRTR_Service:351 minkipc = 0xb400007327854430 sock = 20, client with node 1 port 6119 went down
05-10 07:12:31.545 I/minksocket( 1477): MinkIPC MESSAGE: ( 1477:1559 ) MinkIPC_QRTR_Service:351 minkipc = 0xb400007327854850 sock = 29, client with node 1 port 6119 went down
05-10 07:12:31.549 I/minksocket( 1477): MinkIPC MESSAGE: ( 1477:1541 ) MinkIPC_QRTR_Service:351 minkipc = 0xb400007327854430 sock = 20, client with node 1 port 611a went down
05-10 07:12:31.549 I/minksocket( 1477): MinkIPC MESSAGE: ( 1477:1559 ) MinkIPC_QRTR_Service:351 minkipc = 0xb400007327854850 sock = 29, client with node 1 port 611a went down
05-10 07:12:31.552 I/minksocket( 1477): MinkIPC MESSAGE: ( 1477:1541 ) MinkIPC_QRTR_Service:351 minkipc = 0xb400007327854430 sock = 20, client with node 1 port 611b went down
05-10 07:12:31.552 I/minksocket( 1477): MinkIPC MESSAGE: ( 1477:1559 ) MinkIPC_QRTR_Service:351 minkipc = 0xb400007327854850 sock = 29, client with node 1 port 611b went down
05-10 07:12:32.638 I/minksocket( 1477): MinkIPC MESSAGE: ( 1477:1541 ) MinkIPC_QRTR_Service:351 minkipc = 0xb400007327854430 sock = 20, client with node 1 port 611c went down
05-10 07:12:32.638 I/minksocket( 1477): MinkIPC MESSAGE: ( 1477:1559 ) MinkIPC_QRTR_Service:351 minkipc = 0xb400007327854850 sock = 29, client with node 1 port 611c went down
05-10 07:12:32.643 I/minksocket( 1477): MinkIPC MESSAGE: ( 1477:1541 ) MinkIPC_QRTR_Service:351 minkipc = 0xb400007327854430 sock = 20, client with node 1 port 611d went down
05-10 07:12:32.643 I/minksocket( 1477): MinkIPC MESSAGE: ( 1477:1559 ) MinkIPC_QRTR_Service:351 minkipc = 0xb400007327854850 sock = 29, client with node 1 port 611d went down
05-10 07:12:32.648 I/minksocket( 1477): MinkIPC MESSAGE: ( 1477:1541 ) MinkIPC_QRTR_Service:351 minkipc = 0xb400007327854430 sock = 20, client with node 1 port 611e went down
05-10 07:12:32.648 I/minksocket( 1477): MinkIPC MESSAGE: ( 1477:1559 ) MinkIPC_QRTR_Service:351 minkipc = 0xb400007327854850 sock = 29, client with node 1 port 611e went down
05-10 07:12:32.650 I/minksocket( 1477): MinkIPC MESSAGE: ( 1477:1541 ) MinkIPC_QRTR_Service:351 minkipc = 0xb400007327854430 sock = 20, client with node 1 port 611f went down
05-10 07:12:32.650 I/minksocket( 1477): MinkIPC MESSAGE: ( 1477:1559 ) MinkIPC_QRTR_Service:351 minkipc = 0xb400007327854850 sock = 29, client with node 1 port 611f went down
05-10 07:12:27.461 E/ipa_pm_handle_suspend(19980): 1280 Client IPA_CLIENT_APPS_WAN_CONS woke up the system
05-10 07:12:34.195 I/minksocket( 1477): MinkIPC MESSAGE: ( 1477:1541 ) MinkIPC_QRTR_Service:351 minkipc = 0xb400007327854430 sock = 20, client with node 1 port 6120 went down
05-10 07:12:34.195 I/minksocket( 1477): MinkIPC MESSAGE: ( 1477:1559 ) MinkIPC_QRTR_Service:351 minkipc = 0xb400007327854850 sock = 29, client with node 1 port 6120 went down
05-10 07:12:34.198 I/minksocket( 1477): MinkIPC MESSAGE: ( 1477:1541 ) MinkIPC_QRTR_Service:351 minkipc = 0xb400007327854430 sock = 20, client with node 1 port 6121 went down
05-10 07:12:34.199 I/minksocket( 1477): MinkIPC MESSAGE: ( 1477:1559 ) MinkIPC_QRTR_Service:351 minkipc = 0xb400007327854850 sock = 29, client with node 1 port 6121 went down
05-10 07:12:34.201 I/minksocket( 1477): MinkIPC MESSAGE: ( 1477:1541 ) MinkIPC_QRTR_Service:351 minkipc = 0xb400007327854430 sock = 20, client with node 1 port 6122 went down
05-10 07:12:34.201 I/minksocket( 1477): MinkIPC MESSAGE: ( 1477:1559 ) MinkIPC_QRTR_Service:351 minkipc = 0xb400007327854850 sock = 29, client with node 1 port 6122 went down
05-10 07:12:34.210 I/minksocket( 1477): MinkIPC MESSAGE: ( 1477:1541 ) MinkIPC_QRTR_Service:351 minkipc = 0xb400007327854430 sock = 20, client with node 1 port 6124 went down
05-10 07:12:34.210 I/minksocket( 1477): MinkIPC MESSAGE: ( 1477:1559 ) MinkIPC_QRTR_Service:351 minkipc = 0xb400007327854850 sock = 29, client with node 1 port 6124 went down
05-10 07:12:34.217 I/minksocket( 1477): MinkIPC MESSAGE: ( 1477:1541 ) MinkIPC_QRTR_Service:351 minkipc = 0xb400007327854430 sock = 20, client with node 1 port 6125 went down
05-10 07:12:34.217 I/minksocket( 1477): MinkIPC MESSAGE: ( 1477:1559 ) MinkIPC_QRTR_Service:351 minkipc = 0xb400007327854850 sock = 29, client with node 1 port 6125 went down
05-10 07:12:34.221 I/minksocket( 1477): MinkIPC MESSAGE: ( 1477:1541 ) MinkIPC_QRTR_Service:351 minkipc = 0xb400007327854430 sock = 20, client with node 1 port 6126 went down
05-10 07:12:34.221 I/minksocket( 1477): MinkIPC MESSAGE: ( 1477:1559 ) MinkIPC_QRTR_Service:351 minkipc = 0xb400007327854850 sock = 29, client with node 1 port 6126 went down
05-10 07:12:34.227 I/minksocket( 1477): MinkIPC MESSAGE: ( 1477:1541 ) MinkIPC_QRTR_Service:351 minkipc = 0xb400007327854430 sock = 20, client with node 1 port 6128 went down
05-10 07:12:34.228 I/minksocket( 1477): MinkIPC MESSAGE: ( 1477:1559 ) MinkIPC_QRTR_Service:351 minkipc = 0xb400007327854850 sock = 29, client with node 1 port 6128 went down
05-10 07:12:34.229 I/minksocket( 1477): MinkIPC MESSAGE: ( 1477:1541 ) MinkIPC_QRTR_Service:351 minkipc = 0xb400007327854430 sock = 20, client with node 1 port 6129 went down
05-10 07:12:34.229 I/minksocket( 1477): MinkIPC MESSAGE: ( 1477:1559 ) MinkIPC_QRTR_Service:351 minkipc = 0xb400007327854850 sock = 29, client with node 1 port 6129 went down
05-10 07:12:34.231 I/minksocket( 1477): MinkIPC MESSAGE: ( 1477:1541 ) MinkIPC_QRTR_Service:351 minkipc = 0xb400007327854430 sock = 20, client with node 1 port 612a went down
05-10 07:12:34.232 I/minksocket( 1477): MinkIPC MESSAGE: ( 1477:1559 ) MinkIPC_QRTR_Service:351 minkipc = 0xb400007327854850 sock = 29, client with node 1 port 612a went down
05-10 07:12:34.233 I/minksocket( 1477): MinkIPC MESSAGE: ( 1477:1541 ) MinkIPC_QRTR_Service:351 minkipc = 0xb400007327854430 sock = 20, client with node 1 port 612b went down
05-10 07:12:34.233 I/minksocket( 1477): MinkIPC MESSAGE: ( 1477:1559 ) MinkIPC_QRTR_Service:351 minkipc = 0xb400007327854850 sock = 29, client with node 1 port 612b went down
05-10 07:12:35.107 W/ActivityManager( 2539): Unbind failed: could not find connection for android.os.BinderProxy@23b3c57
05-10 07:12:35.108 D/SatelliteModemInterface( 3566): Binding to vendor.qti.data.ntnsatapp
05-10 07:12:35.109 W/ActivityManager( 2539): Unable to start service Intent { act=android.telephony.satellite.SatelliteService xflg=0x4 pkg=vendor.qti.data.ntnsatapp } U=0: not found
05-10 07:12:35.110 E/SatelliteModemInterface( 3566): Error binding to the satellite service. Retrying in 60105 ms.
05-10 07:12:35.199 I/minksocket( 1477): MinkIPC MESSAGE: ( 1477:1541 ) MinkIPC_QRTR_Service:351 minkipc = 0xb400007327854430 sock = 20, client with node 1 port 6123 went down
05-10 07:12:35.200 I/minksocket( 1477): MinkIPC MESSAGE: ( 1477:1559 ) MinkIPC_QRTR_Service:351 minkipc = 0xb400007327854850 sock = 29, client with node 1 port 6123 went down
05-10 07:12:28.567 E/ipa_pm_handle_suspend(19980): 1280 Client IPA_CLIENT_APPS_WAN_LOW_LAT_CONS woke up the system
05-10 07:12:35.203 I/minksocket( 1477): MinkIPC MESSAGE: ( 1477:1541 ) MinkIPC_QRTR_Service:351 minkipc = 0xb400007327854430 sock = 20, client with node 1 port 6127 went down
05-10 07:12:35.203 I/minksocket( 1477): MinkIPC MESSAGE: ( 1477:1559 ) MinkIPC_QRTR_Service:351 minkipc = 0xb400007327854850 sock = 29, client with node 1 port 6127 went down
05-10 07:12:35.295 I/minksocket( 1477): MinkIPC MESSAGE: ( 1477:1541 ) MinkIPC_QRTR_Service:351 minkipc = 0xb400007327854430 sock = 20, client with node 1 port 612c went down
05-10 07:12:35.295 I/minksocket( 1477): MinkIPC MESSAGE: ( 1477:1559 ) MinkIPC_QRTR_Service:351 minkipc = 0xb400007327854850 sock = 29, client with node 1 port 612c went down
05-10 07:12:35.297 I/minksocket( 1477): MinkIPC MESSAGE: ( 1477:1559 ) MinkIPC_QRTR_Service:351 minkipc = 0xb400007327854850 sock = 29, client with node 1 port 612d went down
05-10 07:12:35.297 I/minksocket( 1477): MinkIPC MESSAGE: ( 1477:1541 ) MinkIPC_QRTR_Service:351 minkipc = 0xb400007327854430 sock = 20, client with node 1 port 612d went down
05-10 07:12:35.299 I/minksocket( 1477): MinkIPC MESSAGE: ( 1477:1559 ) MinkIPC_QRTR_Service:351 minkipc = 0xb400007327854850 sock = 29, client with node 1 port 612e went down
05-10 07:12:35.299 I/minksocket( 1477): MinkIPC MESSAGE: ( 1477:1541 ) MinkIPC_QRTR_Service:351 minkipc = 0xb400007327854430 sock = 20, client with node 1 port 612e went down
05-10 07:12:35.300 I/minksocket( 1477): MinkIPC MESSAGE: ( 1477:1541 ) MinkIPC_QRTR_Service:351 minkipc = 0xb400007327854430 sock = 20, client with node 1 port 612f went down
05-10 07:12:35.300 I/minksocket( 1477): MinkIPC MESSAGE: ( 1477:1559 ) MinkIPC_QRTR_Service:351 minkipc = 0xb400007327854850 sock = 29, client with node 1 port 612f went down
05-10 07:12:35.329 W/pmCoreThread( 1595): type=1400 audit(0.0:2265110848): avc:  denied  { write } for  name="qlm_service" dev="tmpfs" ino=1638 scontext=u:r:vendor_hal_poweroptservice_qti:s0 tcontext=u:object_r:vendor_qlm_socket:s0 tclass=sock_file permissive=0
05-10 07:12:35.335 E/QLM-Client-Lib( 1595): QLM-Lib-Client:do_common_listen:connect failure, err:13, path:/dev/socket/qlm_service
05-10 07:12:36.875 I/minksocket( 1477): MinkIPC MESSAGE: ( 1477:1541 ) MinkIPC_QRTR_Service:351 minkipc = 0xb400007327854430 sock = 20, client with node 1 port 6130 went down
05-10 07:12:36.875 I/minksocket( 1477): MinkIPC MESSAGE: ( 1477:1559 ) MinkIPC_QRTR_Service:351 minkipc = 0xb400007327854850 sock = 29, client with node 1 port 6130 went down
05-10 07:12:36.880 I/minksocket( 1477): MinkIPC MESSAGE: ( 1477:1541 ) MinkIPC_QRTR_Service:351 minkipc = 0xb400007327854430 sock = 20, client with node 1 port 6131 went down
05-10 07:12:36.881 I/minksocket( 1477): MinkIPC MESSAGE: ( 1477:1559 ) MinkIPC_QRTR_Service:351 minkipc = 0xb400007327854850 sock = 29, client with node 1 port 6131 went down
05-10 07:12:36.885 I/minksocket( 1477): MinkIPC MESSAGE: ( 1477:1541 ) MinkIPC_QRTR_Service:351 minkipc = 0xb400007327854430 sock = 20, client with node 1 port 6132 went down
05-10 07:12:36.885 I/minksocket( 1477): MinkIPC MESSAGE: ( 1477:1559 ) MinkIPC_QRTR_Service:351 minkipc = 0xb400007327854850 sock = 29, client with node 1 port 6132 went down
05-10 07:12:36.888 I/minksocket( 1477): MinkIPC MESSAGE: ( 1477:1541 ) MinkIPC_QRTR_Service:351 minkipc = 0xb400007327854430 sock = 20, client with node 1 port 6133 went down
05-10 07:12:36.889 I/minksocket( 1477): MinkIPC MESSAGE: ( 1477:1559 ) MinkIPC_QRTR_Service:351 minkipc = 0xb400007327854850 sock = 29, client with node 1 port 6133 went down
05-10 07:12:37.975 I/minksocket( 1477): MinkIPC MESSAGE: ( 1477:1541 ) MinkIPC_QRTR_Service:351 minkipc = 0xb400007327854430 sock = 20, client with node 1 port 6134 went down
05-10 07:12:37.975 I/minksocket( 1477): MinkIPC MESSAGE: ( 1477:1559 ) MinkIPC_QRTR_Service:351 minkipc = 0xb400007327854850 sock = 29, client with node 1 port 6134 went down
05-10 07:12:37.982 I/minksocket( 1477): MinkIPC MESSAGE: ( 1477:1541 ) MinkIPC_QRTR_Service:351 minkipc = 0xb400007327854430 sock = 20, client with node 1 port 6135 went down
05-10 07:12:37.982 I/minksocket( 1477): MinkIPC MESSAGE: ( 1477:1559 ) MinkIPC_QRTR_Service:351 minkipc = 0xb400007327854850 sock = 29, client with node 1 port 6135 went down
05-10 07:12:37.985 D/ISltntcService( 3229): onTransact
05-10 07:12:37.986 D/ThermalStatusListener( 3229): notifyThermalBroadcast: level=6, temp=37954
05-10 07:12:37.986 I/minksocket( 1477): MinkIPC MESSAGE: ( 1477:1541 ) MinkIPC_QRTR_Service:351 minkipc = 0xb400007327854430 sock = 20, client with node 1 port 6136 went down
05-10 07:12:37.987 I/minksocket( 1477): MinkIPC MESSAGE: ( 1477:1559 ) MinkIPC_QRTR_Service:351 minkipc = 0xb400007327854850 sock = 29, client with node 1 port 6136 went down
05-10 07:12:37.990 I/minksocket( 1477): MinkIPC MESSAGE: ( 1477:1541 ) MinkIPC_QRTR_Service:351 minkipc = 0xb400007327854430 sock = 20, client with node 1 port 6137 went down
05-10 07:12:37.991 I/minksocket( 1477): MinkIPC MESSAGE: ( 1477:1559 ) MinkIPC_QRTR_Service:351 minkipc = 0xb400007327854850 sock = 29, client with node 1 port 6137 went down
05-10 07:12:38.376 D/ActivityManager( 2539): freezing 25262 com.nothing.weather
05-10 07:12:38.386 D/InetDiagMessage( 2539): Destroyed 0 sockets, proto=IPPROTO_TCP, family=AF_INET, states=14
05-10 07:12:38.388 D/InetDiagMessage( 2539): Destroyed 0 sockets, proto=IPPROTO_TCP, family=AF_INET6, states=14
05-10 07:12:38.388 D/InetDiagMessage( 2539): Destroyed live tcp sockets for uids={10171} in 5ms
05-10 07:12:39.075 I/minksocket( 1477): MinkIPC MESSAGE: ( 1477:1541 ) MinkIPC_QRTR_Service:351 minkipc = 0xb400007327854430 sock = 20, client with node 1 port 6138 went down
05-10 07:12:39.076 I/minksocket( 1477): MinkIPC MESSAGE: ( 1477:1559 ) MinkIPC_QRTR_Service:351 minkipc = 0xb400007327854850 sock = 29, client with node 1 port 6138 went down
05-10 07:12:39.078 I/minksocket( 1477): MinkIPC MESSAGE: ( 1477:1541 ) MinkIPC_QRTR_Service:351 minkipc = 0xb400007327854430 sock = 20, client with node 1 port 6139 went down
05-10 07:12:39.079 I/minksocket( 1477): MinkIPC MESSAGE: ( 1477:1559 ) MinkIPC_QRTR_Service:351 minkipc = 0xb400007327854850 sock = 29, client with node 1 port 6139 went down
05-10 07:12:39.082 I/minksocket( 1477): MinkIPC MESSAGE: ( 1477:1541 ) MinkIPC_QRTR_Service:351 minkipc = 0xb400007327854430 sock = 20, client with node 1 port 613a went down
05-10 07:12:39.082 I/minksocket( 1477): MinkIPC MESSAGE: ( 1477:1559 ) MinkIPC_QRTR_Service:351 minkipc = 0xb400007327854850 sock = 29, client with node 1 port 613a went down
05-10 07:12:39.086 I/minksocket( 1477): MinkIPC MESSAGE: ( 1477:1541 ) MinkIPC_QRTR_Service:351 minkipc = 0xb400007327854430 sock = 20, client with node 1 port 613b went down
05-10 07:12:39.087 I/minksocket( 1477): MinkIPC MESSAGE: ( 1477:1559 ) MinkIPC_QRTR_Service:351 minkipc = 0xb400007327854850 sock = 29, client with node 1 port 613b went down
05-10 07:12:40.018 I/CNSS    ( 2014): /sys/wifi/dump_in_progress doesn't exist
05-10 07:12:40.018 I/CNSS    ( 2014): /sys/wifi/max_chipset_log_size doesn't exist
05-10 07:12:40.181 I/minksocket( 1477): MinkIPC MESSAGE: ( 1477:1541 ) MinkIPC_QRTR_Service:351 minkipc = 0xb400007327854430 sock = 20, client with node 1 port 613c went down
05-10 07:12:40.181 I/minksocket( 1477): MinkIPC MESSAGE: ( 1477:1559 ) MinkIPC_QRTR_Service:351 minkipc = 0xb400007327854850 sock = 29, client with node 1 port 613c went down
05-10 07:12:40.186 I/minksocket( 1477): MinkIPC MESSAGE: ( 1477:1541 ) MinkIPC_QRTR_Service:351 minkipc = 0xb400007327854430 sock = 20, client with node 1 port 613d went down
05-10 07:12:40.186 I/minksocket( 1477): MinkIPC MESSAGE: ( 1477:1559 ) MinkIPC_QRTR_Service:351 minkipc = 0xb400007327854850 sock = 29, client with node 1 port 613d went down
05-10 07:12:40.190 I/minksocket( 1477): MinkIPC MESSAGE: ( 1477:1541 ) MinkIPC_QRTR_Service:351 minkipc = 0xb400007327854430 sock = 20, client with node 1 port 613e went down
05-10 07:12:40.190 I/minksocket( 1477): MinkIPC MESSAGE: ( 1477:1559 ) MinkIPC_QRTR_Service:351 minkipc = 0xb400007327854850 sock = 29, client with node 1 port 613e went down
05-10 07:12:40.193 I/minksocket( 1477): MinkIPC MESSAGE: ( 1477:1541 ) MinkIPC_QRTR_Service:351 minkipc = 0xb400007327854430 sock = 20, client with node 1 port 613f went down
05-10 07:12:40.193 I/minksocket( 1477): MinkIPC MESSAGE: ( 1477:1559 ) MinkIPC_QRTR_Service:351 minkipc = 0xb400007327854850 sock = 29, client with node 1 port 613f went down
05-10 07:12:40.329 W/pmCoreThread( 1595): type=1400 audit(0.0:2265110849): avc:  denied  { write } for  name="qlm_service" dev="tmpfs" ino=1638 scontext=u:r:vendor_hal_poweroptservice_qti:s0 tcontext=u:object_r:vendor_qlm_socket:s0 tclass=sock_file permissive=0
05-10 07:12:40.336 E/QLM-Client-Lib( 1595): QLM-Lib-Client:do_common_listen:connect failure, err:13, path:/dev/socket/qlm_service
05-10 07:12:41.280 I/minksocket( 1477): MinkIPC MESSAGE: ( 1477:1541 ) MinkIPC_QRTR_Service:351 minkipc = 0xb400007327854430 sock = 20, client with node 1 port 6140 went down
05-10 07:12:41.280 I/minksocket( 1477): MinkIPC MESSAGE: ( 1477:1559 ) MinkIPC_QRTR_Service:351 minkipc = 0xb400007327854850 sock = 29, client with node 1 port 6140 went down
05-10 07:12:41.285 I/minksocket( 1477): MinkIPC MESSAGE: ( 1477:1541 ) MinkIPC_QRTR_Service:351 minkipc = 0xb400007327854430 sock = 20, client with node 1 port 6141 went down
05-10 07:12:41.285 I/minksocket( 1477): MinkIPC MESSAGE: ( 1477:1559 ) MinkIPC_QRTR_Service:351 minkipc = 0xb400007327854850 sock = 29, client with node 1 port 6141 went down
05-10 07:12:41.290 I/minksocket( 1477): MinkIPC MESSAGE: ( 1477:1541 ) MinkIPC_QRTR_Service:351 minkipc = 0xb400007327854430 sock = 20, client with node 1 port 6142 went down
05-10 07:12:41.290 I/minksocket( 1477): MinkIPC MESSAGE: ( 1477:1559 ) MinkIPC_QRTR_Service:351 minkipc = 0xb400007327854850 sock = 29, client with node 1 port 6142 went down
05-10 07:12:41.293 I/minksocket( 1477): MinkIPC MESSAGE: ( 1477:1541 ) MinkIPC_QRTR_Service:351 minkipc = 0xb400007327854430 sock = 20, client with node 1 port 6143 went down
05-10 07:12:41.293 I/minksocket( 1477): MinkIPC MESSAGE: ( 1477:1559 ) MinkIPC_QRTR_Service:351 minkipc = 0xb400007327854850 sock = 29, client with node 1 port 6143 went down
05-10 07:12:41.575 I/minksocket( 1477): MinkIPC MESSAGE: ( 1477:1541 ) MinkIPC_QRTR_Service:351 minkipc = 0xb400007327854430 sock = 20, client with node 1 port 6144 went down
05-10 07:12:41.575 I/minksocket( 1477): MinkIPC MESSAGE: ( 1477:1559 ) MinkIPC_QRTR_Service:351 minkipc = 0xb400007327854850 sock = 29, client with node 1 port 6144 went down
05-10 07:12:41.580 I/minksocket( 1477): MinkIPC MESSAGE: ( 1477:1541 ) MinkIPC_QRTR_Service:351 minkipc = 0xb400007327854430 sock = 20, client with node 1 port 6145 went down
05-10 07:12:41.581 I/minksocket( 1477): MinkIPC MESSAGE: ( 1477:1559 ) MinkIPC_QRTR_Service:351 minkipc = 0xb400007327854850 sock = 29, client with node 1 port 6145 went down
05-10 07:12:41.585 I/minksocket( 1477): MinkIPC MESSAGE: ( 1477:1541 ) MinkIPC_QRTR_Service:351 minkipc = 0xb400007327854430 sock = 20, client with node 1 port 6146 went down
05-10 07:12:41.585 I/minksocket( 1477): MinkIPC MESSAGE: ( 1477:1559 ) MinkIPC_QRTR_Service:351 minkipc = 0xb400007327854850 sock = 29, client with node 1 port 6146 went down
05-10 07:12:41.589 I/minksocket( 1477): MinkIPC MESSAGE: ( 1477:1541 ) MinkIPC_QRTR_Service:351 minkipc = 0xb400007327854430 sock = 20, client with node 1 port 6148 went down
05-10 07:12:41.590 I/minksocket( 1477): MinkIPC MESSAGE: ( 1477:1559 ) MinkIPC_QRTR_Service:351 minkipc = 0xb400007327854850 sock = 29, client with node 1 port 6148 went down
05-10 07:12:41.593 I/minksocket( 1477): MinkIPC MESSAGE: ( 1477:1541 ) MinkIPC_QRTR_Service:351 minkipc = 0xb400007327854430 sock = 20, client with node 1 port 6149 went down
05-10 07:12:41.594 I/minksocket( 1477): MinkIPC MESSAGE: ( 1477:1559 ) MinkIPC_QRTR_Service:351 minkipc = 0xb400007327854850 sock = 29, client with node 1 port 6149 went down
05-10 07:12:41.597 I/minksocket( 1477): MinkIPC MESSAGE: ( 1477:1541 ) MinkIPC_QRTR_Service:351 minkipc = 0xb400007327854430 sock = 20, client with node 1 port 614a went down
05-10 07:12:41.597 I/minksocket( 1477): MinkIPC MESSAGE: ( 1477:1559 ) MinkIPC_QRTR_Service:351 minkipc = 0xb400007327854850 sock = 29, client with node 1 port 614a went down
05-10 07:12:42.377 I/minksocket( 1477): MinkIPC MESSAGE: ( 1477:1541 ) MinkIPC_QRTR_Service:351 minkipc = 0xb400007327854430 sock = 20, client with node 1 port 614c went down
05-10 07:12:42.378 I/minksocket( 1477): MinkIPC MESSAGE: ( 1477:1559 ) MinkIPC_QRTR_Service:351 minkipc = 0xb400007327854850 sock = 29, client with node 1 port 614c went down
05-10 07:12:42.382 I/minksocket( 1477): MinkIPC MESSAGE: ( 1477:1541 ) MinkIPC_QRTR_Service:351 minkipc = 0xb400007327854430 sock = 20, client with node 1 port 614d went down
05-10 07:12:42.382 I/minksocket( 1477): MinkIPC MESSAGE: ( 1477:1559 ) MinkIPC_QRTR_Service:351 minkipc = 0xb400007327854850 sock = 29, client with node 1 port 614d went down
05-10 07:12:42.385 I/minksocket( 1477): MinkIPC MESSAGE: ( 1477:1541 ) MinkIPC_QRTR_Service:351 minkipc = 0xb400007327854430 sock = 20, client with node 1 port 614e went down
05-10 07:12:42.386 I/minksocket( 1477): MinkIPC MESSAGE: ( 1477:1559 ) MinkIPC_QRTR_Service:351 minkipc = 0xb400007327854850 sock = 29, client with node 1 port 614e went down
05-10 07:12:42.390 I/minksocket( 1477): MinkIPC MESSAGE: ( 1477:1541 ) MinkIPC_QRTR_Service:351 minkipc = 0xb400007327854430 sock = 20, client with node 1 port 614f went down
05-10 07:12:42.391 I/minksocket( 1477): MinkIPC MESSAGE: ( 1477:1559 ) MinkIPC_QRTR_Service:351 minkipc = 0xb400007327854850 sock = 29, client with node 1 port 614f went down
05-10 07:12:43.064 I/Tethering( 3443): [BpfCoordinator] onAlertReached
05-10 07:12:43.208 D/NtMemoryManager( 2539): don't raise adj due to remove task : com.whatsapp : -1
05-10 07:12:43.209 D/NtMemoryManager( 2539): com.instagram.android last pss: 1119348
05-10 07:12:43.209 D/NtMemoryManager( 2539): in.startv.hotstar last pss: 677700
05-10 07:12:43.209 D/NtMemoryManager( 2539): don't raise adj due to remove task : com.whatsapp : -1
05-10 07:12:43.209 D/NtMemoryManager( 2539): com.instagram.android last pss: 1119348
05-10 07:12:43.211 D/NtMemoryManager( 2539): in.startv.hotstar last pss: 677700
05-10 07:12:43.212 D/NtMemoryManager( 2539): don't raise adj due to remove task : com.whatsapp : -1
05-10 07:12:43.212 D/NtMemoryManager( 2539): com.instagram.android last pss: 1119348
05-10 07:12:43.212 D/NtMemoryManager( 2539): in.startv.hotstar last pss: 677700
05-10 07:12:43.213 D/NtMemoryManager( 2539): don't raise adj due to remove task : com.whatsapp : -1
05-10 07:12:43.213 D/NtMemoryManager( 2539): com.instagram.android last pss: 1119348
05-10 07:12:43.213 D/NtMemoryManager( 2539): in.startv.hotstar last pss: 677700
05-10 07:12:43.475 I/minksocket( 1477): MinkIPC MESSAGE: ( 1477:1541 ) MinkIPC_QRTR_Service:351 minkipc = 0xb400007327854430 sock = 20, client with node 1 port 6150 went down
05-10 07:12:43.476 I/minksocket( 1477): MinkIPC MESSAGE: ( 1477:1559 ) MinkIPC_QRTR_Service:351 minkipc = 0xb400007327854850 sock = 29, client with node 1 port 6150 went down
05-10 07:12:43.481 I/minksocket( 1477): MinkIPC MESSAGE: ( 1477:1541 ) MinkIPC_QRTR_Service:351 minkipc = 0xb400007327854430 sock = 20, client with node 1 port 6151 went down
05-10 07:12:43.481 I/minksocket( 1477): MinkIPC MESSAGE: ( 1477:1559 ) MinkIPC_QRTR_Service:351 minkipc = 0xb400007327854850 sock = 29, client with node 1 port 6151 went down
05-10 07:12:43.485 I/minksocket( 1477): MinkIPC MESSAGE: ( 1477:1541 ) MinkIPC_QRTR_Service:351 minkipc = 0xb400007327854430 sock = 20, client with node 1 port 6152 went down
05-10 07:12:43.485 I/minksocket( 1477): MinkIPC MESSAGE: ( 1477:1559 ) MinkIPC_QRTR_Service:351 minkipc = 0xb400007327854850 sock = 29, client with node 1 port 6152 went down
05-10 07:12:43.489 I/minksocket( 1477): MinkIPC MESSAGE: ( 1477:1541 ) MinkIPC_QRTR_Service:351 minkipc = 0xb400007327854430 sock = 20, client with node 1 port 6153 went down
05-10 07:12:43.489 I/minksocket( 1477): MinkIPC MESSAGE: ( 1477:1559 ) MinkIPC_QRTR_Service:351 minkipc = 0xb400007327854850 sock = 29, client with node 1 port 6153 went down
05-10 07:12:44.578 I/minksocket( 1477): MinkIPC MESSAGE: ( 1477:1541 ) MinkIPC_QRTR_Service:351 minkipc = 0xb400007327854430 sock = 20, client with node 1 port 6154 went down
05-10 07:12:44.579 I/minksocket( 1477): MinkIPC MESSAGE: ( 1477:1559 ) MinkIPC_QRTR_Service:351 minkipc = 0xb400007327854850 sock = 29, client with node 1 port 6154 went down
05-10 07:12:44.583 I/minksocket( 1477): MinkIPC MESSAGE: ( 1477:1541 ) MinkIPC_QRTR_Service:351 minkipc = 0xb400007327854430 sock = 20, client with node 1 port 6155 went down
05-10 07:12:44.583 I/minksocket( 1477): MinkIPC MESSAGE: ( 1477:1559 ) MinkIPC_QRTR_Service:351 minkipc = 0xb400007327854850 sock = 29, client with node 1 port 6155 went down
05-10 07:12:44.587 I/minksocket( 1477): MinkIPC MESSAGE: ( 1477:1541 ) MinkIPC_QRTR_Service:351 minkipc = 0xb400007327854430 sock = 20, client with node 1 port 6156 went down
05-10 07:12:44.587 I/minksocket( 1477): MinkIPC MESSAGE: ( 1477:1559 ) MinkIPC_QRTR_Service:351 minkipc = 0xb400007327854850 sock = 29, client with node 1 port 6156 went down
05-10 07:12:44.591 I/minksocket( 1477): MinkIPC MESSAGE: ( 1477:1541 ) MinkIPC_QRTR_Service:351 minkipc = 0xb400007327854430 sock = 20, client with node 1 port 6157 went down
05-10 07:12:44.591 I/minksocket( 1477): MinkIPC MESSAGE: ( 1477:1559 ) MinkIPC_QRTR_Service:351 minkipc = 0xb400007327854850 sock = 29, client with node 1 port 6157 went down
05-10 07:12:38.005 E/healthd ( 1506): soc_b:0, soc:79, soc_c:80, Vol:4162, Cur:-153,chg_s:1,t_l:225,b_s:2,OffTlast:40,lcd_off:1,Vu:4848,Vw:0,pid:1506,brightness:1.889764,rmCap:3949
05-10 07:12:38.005 E/healthd ( 1506): battery l=80 v=4162 t=36.0 h=2 st=2 c=-153812 fc=4969000 cc=97 chg=u
05-10 07:12:44.648 D/PowerUI ( 3257): can't show warning due to - plugged: true status unknown: false
05-10 07:12:44.653 D/QtiCarrierConfigHelper( 3506): WARNING, no carrier configs on phone Id: 1
05-10 07:12:44.654 D/DeviceStatisticsService( 3461): onReceive: action= android.intent.action.BATTERY_CHANGED
05-10 07:12:44.656 D/BatteryHealthController( 3229): plugType=2
05-10 07:12:44.656 V/UiModeManager( 2539): updateLocked: null action, mDockState=0, category=null
05-10 07:12:44.657 E/UiModeManager( 2539): mComputedNightMode:true, mNightMode.get():2, mOverrideNightModeOn:false, mOverrideNightModeOff:falsemTwilightManager.getLastTwilightState():null
05-10 07:12:44.657 D/UiModeManager( 2539): updateConfigurationLocked: mDockState=0; mCarMode=false; mNightMode=com.android.server.UiModeManagerService$1@fcbd00d; mNightModeCustomType=-1; uiMode=33
05-10 07:12:44.657 D/NtThemeManager( 2539): setExtraDark, currentUser:0, enableOverlay:true, mCurrentExtraDarkMode:true
05-10 07:12:44.658 E/NtChgAidl( 1606): NtChgAidl: setChargeFccIn user:2,val = 9000
05-10 07:12:44.659 E/NtChgAidl( 1606): NtChgAidl: mBattTempRegion _aidl_return:0
05-10 07:12:44.659 D/BatteryHealthController( 3229): invoke mICharge setChargeFccInt: 9000
05-10 07:12:38.025 E/healthd ( 1506): soc_b:0, soc:79, soc_c:80, Vol:4162, Cur:-153,chg_s:1,t_l:225,b_s:2,OffTlast:40,lcd_off:1,Vu:4847,Vw:0,pid:1506,brightness:1.889764,rmCap:3949
05-10 07:12:38.026 W/HealthLoop( 1506): debug.tracing.screen_brightness:1.889764
05-10 07:12:38.026 W/nt_vote ( 1606): FCC_MAIN: FCC_BATTERY_HEALTH_VOTER,1 same vote on of val=9000
05-10 07:12:38.026 W/nt_vote ( 1606): FCC_MAIN: FCC_BATTERY_HEALTH_VOTER,1 Ignoring similar vote on of val=9000
05-10 07:12:44.659 D/BatteryController( 3257): onBatteryStateChange
05-10 07:12:44.660 V/DeviceStatisticsService( 3461): chargerType=2 batteryLevel=80 totalBatteryCapacity=4937300
05-10 07:12:44.660 D/DeviceInfoAidlClient( 3461): isRadioOn()=true
05-10 07:12:44.660 I/DeviceInfoAidlClient( 3461): isPowerInfoNeverSent=false batteryLevel=80 batteryLevelIndex=6 chargingMode=2 totalCapacity=4937300 powerSaveMode=false
05-10 07:12:44.660 D/ChargeStateMonitor( 3257): syncNtChgData() adaptorPowerRate = 0 phoneMaxPowerRate = 50
05-10 07:12:45.333 W/pmCoreThread( 1595): type=1400 audit(0.0:2265110850): avc:  denied  { write } for  name="qlm_service" dev="tmpfs" ino=1638 scontext=u:r:vendor_hal_poweroptservice_qti:s0 tcontext=u:object_r:vendor_qlm_socket:s0 tclass=sock_file permissive=0
05-10 07:12:45.337 E/QLM-Client-Lib( 1595): QLM-Lib-Client:do_common_listen:connect failure, err:13, path:/dev/socket/qlm_service
05-10 07:12:45.680 I/minksocket( 1477): MinkIPC MESSAGE: ( 1477:1541 ) MinkIPC_QRTR_Service:351 minkipc = 0xb400007327854430 sock = 20, client with node 1 port 6158 went down
05-10 07:12:45.681 I/minksocket( 1477): MinkIPC MESSAGE: ( 1477:1559 ) MinkIPC_QRTR_Service:351 minkipc = 0xb400007327854850 sock = 29, client with node 1 port 6158 went down
05-10 07:12:45.685 I/minksocket( 1477): MinkIPC MESSAGE: ( 1477:1541 ) MinkIPC_QRTR_Service:351 minkipc = 0xb400007327854430 sock = 20, client with node 1 port 6159 went down
05-10 07:12:45.686 I/minksocket( 1477): MinkIPC MESSAGE: ( 1477:1559 ) MinkIPC_QRTR_Service:351 minkipc = 0xb400007327854850 sock = 29, client with node 1 port 6159 went down
05-10 07:12:45.690 I/minksocket( 1477): MinkIPC MESSAGE: ( 1477:1541 ) MinkIPC_QRTR_Service:351 minkipc = 0xb400007327854430 sock = 20, client with node 1 port 615a went down
05-10 07:12:45.691 I/minksocket( 1477): MinkIPC MESSAGE: ( 1477:1559 ) MinkIPC_QRTR_Service:351 minkipc = 0xb400007327854850 sock = 29, client with node 1 port 615a went down
05-10 07:12:45.694 I/minksocket( 1477): MinkIPC MESSAGE: ( 1477:1541 ) MinkIPC_QRTR_Service:351 minkipc = 0xb400007327854430 sock = 20, client with node 1 port 615b went down
05-10 07:12:45.694 I/minksocket( 1477): MinkIPC MESSAGE: ( 1477:1559 ) MinkIPC_QRTR_Service:351 minkipc = 0xb400007327854850 sock = 29, client with node 1 port 615b went down
05-10 07:12:46.779 I/minksocket( 1477): MinkIPC MESSAGE: ( 1477:1541 ) MinkIPC_QRTR_Service:351 minkipc = 0xb400007327854430 sock = 20, client with node 1 port 615c went down
05-10 07:12:46.780 I/minksocket( 1477): MinkIPC MESSAGE: ( 1477:1559 ) MinkIPC_QRTR_Service:351 minkipc = 0xb400007327854850 sock = 29, client with node 1 port 615c went down
05-10 07:12:46.784 I/minksocket( 1477): MinkIPC MESSAGE: ( 1477:1541 ) MinkIPC_QRTR_Service:351 minkipc = 0xb400007327854430 sock = 20, client with node 1 port 615d went down
05-10 07:12:46.785 I/minksocket( 1477): MinkIPC MESSAGE: ( 1477:1559 ) MinkIPC_QRTR_Service:351 minkipc = 0xb400007327854850 sock = 29, client with node 1 port 615d went down
05-10 07:12:46.789 I/minksocket( 1477): MinkIPC MESSAGE: ( 1477:1541 ) MinkIPC_QRTR_Service:351 minkipc = 0xb400007327854430 sock = 20, client with node 1 port 615e went down
05-10 07:12:46.790 I/minksocket( 1477): MinkIPC MESSAGE: ( 1477:1559 ) MinkIPC_QRTR_Service:351 minkipc = 0xb400007327854850 sock = 29, client with node 1 port 615e went down
05-10 07:12:46.793 I/minksocket( 1477): MinkIPC MESSAGE: ( 1477:1541 ) MinkIPC_QRTR_Service:351 minkipc = 0xb400007327854430 sock = 20, client with node 1 port 615f went down
05-10 07:12:46.794 I/minksocket( 1477): MinkIPC MESSAGE: ( 1477:1559 ) MinkIPC_QRTR_Service:351 minkipc = 0xb400007327854850 sock = 29, client with node 1 port 615f went down
05-10 07:12:46.881 I/minksocket( 1477): MinkIPC MESSAGE: ( 1477:1541 ) MinkIPC_QRTR_Service:351 minkipc = 0xb400007327854430 sock = 20, client with node 1 port 6147 went down
05-10 07:12:46.882 I/minksocket( 1477): MinkIPC MESSAGE: ( 1477:1559 ) MinkIPC_QRTR_Service:351 minkipc = 0xb400007327854850 sock = 29, client with node 1 port 6147 went down
05-10 07:12:46.884 I/minksocket( 1477): MinkIPC MESSAGE: ( 1477:1541 ) MinkIPC_QRTR_Service:351 minkipc = 0xb400007327854430 sock = 20, client with node 1 port 614b went down
05-10 07:12:46.885 I/minksocket( 1477): MinkIPC MESSAGE: ( 1477:1559 ) MinkIPC_QRTR_Service:351 minkipc = 0xb400007327854850 sock = 29, client with node 1 port 614b went down
05-10 07:12:47.879 I/minksocket( 1477): MinkIPC MESSAGE: ( 1477:1541 ) MinkIPC_QRTR_Service:351 minkipc = 0xb400007327854430 sock = 20, client with node 1 port 6160 went down
05-10 07:12:47.880 I/minksocket( 1477): MinkIPC MESSAGE: ( 1477:1559 ) MinkIPC_QRTR_Service:351 minkipc = 0xb400007327854850 sock = 29, client with node 1 port 6160 went down
05-10 07:12:47.886 I/minksocket( 1477): MinkIPC MESSAGE: ( 1477:1541 ) MinkIPC_QRTR_Service:351 minkipc = 0xb400007327854430 sock = 20, client with node 1 port 6161 went down
05-10 07:12:47.886 I/minksocket( 1477): MinkIPC MESSAGE: ( 1477:1559 ) MinkIPC_QRTR_Service:351 minkipc = 0xb400007327854850 sock = 29, client with node 1 port 6161 went down
05-10 07:12:47.890 I/minksocket( 1477): MinkIPC MESSAGE: ( 1477:1541 ) MinkIPC_QRTR_Service:351 minkipc = 0xb400007327854430 sock = 20, client with node 1 port 6162 went down
05-10 07:12:47.890 I/minksocket( 1477): MinkIPC MESSAGE: ( 1477:1559 ) MinkIPC_QRTR_Service:351 minkipc = 0xb400007327854850 sock = 29, client with node 1 port 6162 went down
05-10 07:12:47.894 I/minksocket( 1477): MinkIPC MESSAGE: ( 1477:1541 ) MinkIPC_QRTR_Service:351 minkipc = 0xb400007327854430 sock = 20, client with node 1 port 6163 went down
05-10 07:12:47.894 I/minksocket( 1477): MinkIPC MESSAGE: ( 1477:1559 ) MinkIPC_QRTR_Service:351 minkipc = 0xb400007327854850 sock = 29, client with node 1 port 6163 went down
05-10 07:12:48.180 I/minksocket( 1477): MinkIPC MESSAGE: ( 1477:1541 ) MinkIPC_QRTR_Service:351 minkipc = 0xb400007327854430 sock = 20, client with node 1 port 6164 went down
05-10 07:12:48.180 I/minksocket( 1477): MinkIPC MESSAGE: ( 1477:1559 ) MinkIPC_QRTR_Service:351 minkipc = 0xb400007327854850 sock = 29, client with node 1 port 6164 went down
05-10 07:12:48.185 I/minksocket( 1477): MinkIPC MESSAGE: ( 1477:1541 ) MinkIPC_QRTR_Service:351 minkipc = 0xb400007327854430 sock = 20, client with node 1 port 6165 went down
05-10 07:12:48.185 I/minksocket( 1477): MinkIPC MESSAGE: ( 1477:1559 ) MinkIPC_QRTR_Service:351 minkipc = 0xb400007327854850 sock = 29, client with node 1 port 6165 went down
05-10 07:12:48.189 I/minksocket( 1477): MinkIPC MESSAGE: ( 1477:1541 ) MinkIPC_QRTR_Service:351 minkipc = 0xb400007327854430 sock = 20, client with node 1 port 6166 went down
05-10 07:12:48.189 I/minksocket( 1477): MinkIPC MESSAGE: ( 1477:1559 ) MinkIPC_QRTR_Service:351 minkipc = 0xb400007327854850 sock = 29, client with node 1 port 6166 went down
