05-10 07:12:48.194 I/minksocket( 1477): MinkIPC MESSAGE: ( 1477:1541 ) MinkIPC_QRTR_Service:351 minkipc = 0xb400007327854430 sock = 20, client with node 1 port 6168 went down
05-10 07:12:48.194 I/minksocket( 1477): MinkIPC MESSAGE: ( 1477:1559 ) MinkIPC_QRTR_Service:351 minkipc = 0xb400007327854850 sock = 29, client with node 1 port 6168 went down
05-10 07:12:48.196 I/minksocket( 1477): MinkIPC MESSAGE: ( 1477:1541 ) MinkIPC_QRTR_Service:351 minkipc = 0xb400007327854430 sock = 20, client with node 1 port 6169 went down
05-10 07:12:48.197 I/minksocket( 1477): MinkIPC MESSAGE: ( 1477:1559 ) MinkIPC_QRTR_Service:351 minkipc = 0xb400007327854850 sock = 29, client with node 1 port 6169 went down
05-10 07:12:48.199 I/minksocket( 1477): MinkIPC MESSAGE: ( 1477:1541 ) MinkIPC_QRTR_Service:351 minkipc = 0xb400007327854430 sock = 20, client with node 1 port 616a went down
05-10 07:12:48.199 I/minksocket( 1477): MinkIPC MESSAGE: ( 1477:1559 ) MinkIPC_QRTR_Service:351 minkipc = 0xb400007327854850 sock = 29, client with node 1 port 616a went down
05-10 07:12:42.238 E/healthd ( 1506): soc_b:0, soc:80, soc_c:80, Vol:4187, Cur:397,chg_s:1,t_l:230,b_s:2,OffTlast:45,lcd_off:1,Vu:4854,Vw:0,pid:1506,brightness:1.889764,rmCap:3956
05-10 07:12:42.239 E/healthd ( 1506): battery l=80 v=4187 t=36.0 h=2 st=2 c=397348 fc=4969000 cc=97 chg=u
05-10 07:12:48.872 E/NtChgAidl( 1606): NtChgAidl: mBattTempRegion _aidl_return:0
05-10 07:12:48.889 E/NtChgAidl( 1606): NtChgAidl: mBattTempRegion _aidl_return:0
05-10 07:12:42.255 E/healthd ( 1506): soc_b:0, soc:80, soc_c:80, Vol:4187, Cur:397,chg_s:1,t_l:230,b_s:2,OffTlast:45,lcd_off:1,Vu:4851,Vw:0,pid:1506,brightness:1.889764,rmCap:3956
05-10 07:12:42.256 W/HealthLoop( 1506): debug.tracing.screen_brightness:1.889764
05-10 07:12:48.981 I/minksocket( 1477): MinkIPC MESSAGE: ( 1477:1541 ) MinkIPC_QRTR_Service:351 minkipc = 0xb400007327854430 sock = 20, client with node 1 port 616c went down
05-10 07:12:48.981 I/minksocket( 1477): MinkIPC MESSAGE: ( 1477:1559 ) MinkIPC_QRTR_Service:351 minkipc = 0xb400007327854850 sock = 29, client with node 1 port 616c went down
05-10 07:12:48.989 I/minksocket( 1477): MinkIPC MESSAGE: ( 1477:1541 ) MinkIPC_QRTR_Service:351 minkipc = 0xb400007327854430 sock = 20, client with node 1 port 616d went down
05-10 07:12:48.989 I/minksocket( 1477): MinkIPC MESSAGE: ( 1477:1559 ) MinkIPC_QRTR_Service:351 minkipc = 0xb400007327854850 sock = 29, client with node 1 port 616d went down
05-10 07:12:48.997 I/minksocket( 1477): MinkIPC MESSAGE: ( 1477:1541 ) MinkIPC_QRTR_Service:351 minkipc = 0xb400007327854430 sock = 20, client with node 1 port 616e went down
05-10 07:12:48.997 I/minksocket( 1477): MinkIPC MESSAGE: ( 1477:1559 ) MinkIPC_QRTR_Service:351 minkipc = 0xb400007327854850 sock = 29, client with node 1 port 616e went down
05-10 07:12:49.000 I/minksocket( 1477): MinkIPC MESSAGE: ( 1477:1541 ) MinkIPC_QRTR_Service:351 minkipc = 0xb400007327854430 sock = 20, client with node 1 port 616f went down
05-10 07:12:49.000 I/minksocket( 1477): MinkIPC MESSAGE: ( 1477:1559 ) MinkIPC_QRTR_Service:351 minkipc = 0xb400007327854850 sock = 29, client with node 1 port 616f went down
05-10 07:12:42.474 E/BATTERY_CHG(24312): nt_update_status_function_work: capacity:80,Vbat:4185518
05-10 07:12:49.146 E/NtChgAidl( 1606): NtChgAidl: mBattTempRegion _aidl_return:0
05-10 07:12:42.512 E/healthd ( 1506): soc_b:0, soc:80, soc_c:80, Vol:4185, Cur:346,chg_s:1,t_l:230,b_s:2,OffTlast:45,lcd_off:1,Vu:4849,Vw:0,pid:1506,brightness:1.889764,rmCap:3956
05-10 07:12:42.512 E/healthd ( 1506): battery l=80 v=4185 t=36.0 h=2 st=2 c=346077 fc=4969000 cc=97 chg=u
05-10 07:12:49.158 E/NtChgAidl( 1606): NtChgAidl: mBattTempRegion _aidl_return:0
05-10 07:12:42.524 E/healthd ( 1506): soc_b:0, soc:80, soc_c:80, Vol:4185, Cur:346,chg_s:1,t_l:230,b_s:2,OffTlast:45,lcd_off:1,Vu:4849,Vw:0,pid:1506,brightness:1.889764,rmCap:3956
05-10 07:12:42.525 W/HealthLoop( 1506): debug.tracing.screen_brightness:1.889764
05-10 07:12:49.184 I/minksocket( 1477): MinkIPC MESSAGE: ( 1477:1541 ) MinkIPC_QRTR_Service:351 minkipc = 0xb400007327854430 sock = 20, client with node 1 port 6167 went down
05-10 07:12:49.185 I/minksocket( 1477): MinkIPC MESSAGE: ( 1477:1559 ) MinkIPC_QRTR_Service:351 minkipc = 0xb400007327854850 sock = 29, client with node 1 port 6167 went down
05-10 07:12:49.187 I/minksocket( 1477): MinkIPC MESSAGE: ( 1477:1541 ) MinkIPC_QRTR_Service:351 minkipc = 0xb400007327854430 sock = 20, client with node 1 port 616b went down
05-10 07:12:49.187 I/minksocket( 1477): MinkIPC MESSAGE: ( 1477:1559 ) MinkIPC_QRTR_Service:351 minkipc = 0xb400007327854850 sock = 29, client with node 1 port 616b went down
05-10 07:12:50.000 I/CNSS    ( 2014): /sys/wifi/dump_in_progress doesn't exist
05-10 07:12:50.000 I/CNSS    ( 2014): /sys/wifi/max_chipset_log_size doesn't exist
05-10 07:12:50.087 I/minksocket( 1477): MinkIPC MESSAGE: ( 1477:1541 ) MinkIPC_QRTR_Service:351 minkipc = 0xb400007327854430 sock = 20, client with node 1 port 6170 went down
05-10 07:12:50.087 I/minksocket( 1477): MinkIPC MESSAGE: ( 1477:1559 ) MinkIPC_QRTR_Service:351 minkipc = 0xb400007327854850 sock = 29, client with node 1 port 6170 went down
05-10 07:12:50.090 I/minksocket( 1477): MinkIPC MESSAGE: ( 1477:1541 ) MinkIPC_QRTR_Service:351 minkipc = 0xb400007327854430 sock = 20, client with node 1 port 6171 went down
05-10 07:12:50.090 I/minksocket( 1477): MinkIPC MESSAGE: ( 1477:1559 ) MinkIPC_QRTR_Service:351 minkipc = 0xb400007327854850 sock = 29, client with node 1 port 6171 went down
05-10 07:12:50.093 I/minksocket( 1477): MinkIPC MESSAGE: ( 1477:1541 ) MinkIPC_QRTR_Service:351 minkipc = 0xb400007327854430 sock = 20, client with node 1 port 6172 went down
05-10 07:12:50.093 I/minksocket( 1477): MinkIPC MESSAGE: ( 1477:1559 ) MinkIPC_QRTR_Service:351 minkipc = 0xb400007327854850 sock = 29, client with node 1 port 6172 went down
05-10 07:12:50.095 I/minksocket( 1477): MinkIPC MESSAGE: ( 1477:1541 ) MinkIPC_QRTR_Service:351 minkipc = 0xb400007327854430 sock = 20, client with node 1 port 6173 went down
05-10 07:12:50.095 I/minksocket( 1477): MinkIPC MESSAGE: ( 1477:1559 ) MinkIPC_QRTR_Service:351 minkipc = 0xb400007327854850 sock = 29, client with node 1 port 6173 went down
05-10 07:12:50.151 I/NtCharge( 2539): mLastBatteryCycleCount:97
05-10 07:12:50.155 D/NtCharge( 2539):  currentTimeInDay: 20583 LastTimeInDay: 20249 diff: 334
05-10 07:12:50.333 W/pmCoreThread( 1595): type=1400 audit(0.0:2265110851): avc:  denied  { write } for  name="qlm_service" dev="tmpfs" ino=1638 scontext=u:r:vendor_hal_poweroptservice_qti:s0 tcontext=u:object_r:vendor_qlm_socket:s0 tclass=sock_file permissive=0
05-10 07:12:50.338 E/QLM-Client-Lib( 1595): QLM-Lib-Client:do_common_listen:connect failure, err:13, path:/dev/socket/qlm_service
05-10 07:12:50.587 I/minksocket( 1477): MinkIPC MESSAGE: ( 1477:1541 ) MinkIPC_QRTR_Service:351 minkipc = 0xb400007327854430 sock = 20, client with node 1 port 6174 went down
05-10 07:12:50.587 I/minksocket( 1477): MinkIPC MESSAGE: ( 1477:1559 ) MinkIPC_QRTR_Service:351 minkipc = 0xb400007327854850 sock = 29, client with node 1 port 6174 went down
05-10 07:12:50.590 I/minksocket( 1477): MinkIPC MESSAGE: ( 1477:1541 ) MinkIPC_QRTR_Service:351 minkipc = 0xb400007327854430 sock = 20, client with node 1 port 6175 went down
05-10 07:12:50.591 I/minksocket( 1477): MinkIPC MESSAGE: ( 1477:1559 ) MinkIPC_QRTR_Service:351 minkipc = 0xb400007327854850 sock = 29, client with node 1 port 6175 went down
05-10 07:12:50.593 I/minksocket( 1477): MinkIPC MESSAGE: ( 1477:1541 ) MinkIPC_QRTR_Service:351 minkipc = 0xb400007327854430 sock = 20, client with node 1 port 6176 went down
05-10 07:12:50.594 I/minksocket( 1477): MinkIPC MESSAGE: ( 1477:1559 ) MinkIPC_QRTR_Service:351 minkipc = 0xb400007327854850 sock = 29, client with node 1 port 6176 went down
05-10 07:12:50.597 I/minksocket( 1477): MinkIPC MESSAGE: ( 1477:1541 ) MinkIPC_QRTR_Service:351 minkipc = 0xb400007327854430 sock = 20, client with node 1 port 6178 went down
05-10 07:12:50.597 I/minksocket( 1477): MinkIPC MESSAGE: ( 1477:1559 ) MinkIPC_QRTR_Service:351 minkipc = 0xb400007327854850 sock = 29, client with node 1 port 6178 went down
05-10 07:12:50.600 I/minksocket( 1477): MinkIPC MESSAGE: ( 1477:1541 ) MinkIPC_QRTR_Service:351 minkipc = 0xb400007327854430 sock = 20, client with node 1 port 6179 went down
05-10 07:12:50.601 I/minksocket( 1477): MinkIPC MESSAGE: ( 1477:1559 ) MinkIPC_QRTR_Service:351 minkipc = 0xb400007327854850 sock = 29, client with node 1 port 6179 went down
05-10 07:12:50.604 I/minksocket( 1477): MinkIPC MESSAGE: ( 1477:1541 ) MinkIPC_QRTR_Service:351 minkipc = 0xb400007327854430 sock = 20, client with node 1 port 617a went down
05-10 07:12:50.604 I/minksocket( 1477): MinkIPC MESSAGE: ( 1477:1559 ) MinkIPC_QRTR_Service:351 minkipc = 0xb400007327854850 sock = 29, client with node 1 port 617a went down
05-10 07:12:51.190 I/minksocket( 1477): MinkIPC MESSAGE: ( 1477:1541 ) MinkIPC_QRTR_Service:351 minkipc = 0xb400007327854430 sock = 20, client with node 1 port 617c went down
05-10 07:12:51.191 I/minksocket( 1477): MinkIPC MESSAGE: ( 1477:1559 ) MinkIPC_QRTR_Service:351 minkipc = 0xb400007327854850 sock = 29, client with node 1 port 617c went down
05-10 07:12:51.195 I/minksocket( 1477): MinkIPC MESSAGE: ( 1477:1541 ) MinkIPC_QRTR_Service:351 minkipc = 0xb400007327854430 sock = 20, client with node 1 port 617d went down
05-10 07:12:51.196 I/minksocket( 1477): MinkIPC MESSAGE: ( 1477:1559 ) MinkIPC_QRTR_Service:351 minkipc = 0xb400007327854850 sock = 29, client with node 1 port 617d went down
05-10 07:12:51.200 I/minksocket( 1477): MinkIPC MESSAGE: ( 1477:1541 ) MinkIPC_QRTR_Service:351 minkipc = 0xb400007327854430 sock = 20, client with node 1 port 617e went down
05-10 07:12:51.200 I/minksocket( 1477): MinkIPC MESSAGE: ( 1477:1559 ) MinkIPC_QRTR_Service:351 minkipc = 0xb400007327854850 sock = 29, client with node 1 port 617e went down
05-10 07:12:51.203 I/minksocket( 1477): MinkIPC MESSAGE: ( 1477:1541 ) MinkIPC_QRTR_Service:351 minkipc = 0xb400007327854430 sock = 20, client with node 1 port 617f went down
05-10 07:12:51.204 I/minksocket( 1477): MinkIPC MESSAGE: ( 1477:1559 ) MinkIPC_QRTR_Service:351 minkipc = 0xb400007327854850 sock = 29, client with node 1 port 617f went down
05-10 07:12:51.690 I/minksocket( 1477): MinkIPC MESSAGE: ( 1477:1541 ) MinkIPC_QRTR_Service:351 minkipc = 0xb400007327854430 sock = 20, client with node 1 port 6177 went down
05-10 07:12:51.690 I/minksocket( 1477): MinkIPC MESSAGE: ( 1477:1559 ) MinkIPC_QRTR_Service:351 minkipc = 0xb400007327854850 sock = 29, client with node 1 port 6177 went down
05-10 07:12:51.695 I/minksocket( 1477): MinkIPC MESSAGE: ( 1477:1541 ) MinkIPC_QRTR_Service:351 minkipc = 0xb400007327854430 sock = 20, client with node 1 port 617b went down
05-10 07:12:51.695 I/minksocket( 1477): MinkIPC MESSAGE: ( 1477:1559 ) MinkIPC_QRTR_Service:351 minkipc = 0xb400007327854850 sock = 29, client with node 1 port 617b went down
05-10 07:12:52.292 I/minksocket( 1477): MinkIPC MESSAGE: ( 1477:1541 ) MinkIPC_QRTR_Service:351 minkipc = 0xb400007327854430 sock = 20, client with node 1 port 6180 went down
05-10 07:12:52.292 I/minksocket( 1477): MinkIPC MESSAGE: ( 1477:1559 ) MinkIPC_QRTR_Service:351 minkipc = 0xb400007327854850 sock = 29, client with node 1 port 6180 went down
05-10 07:12:52.296 I/minksocket( 1477): MinkIPC MESSAGE: ( 1477:1541 ) MinkIPC_QRTR_Service:351 minkipc = 0xb400007327854430 sock = 20, client with node 1 port 6181 went down
05-10 07:12:52.297 I/minksocket( 1477): MinkIPC MESSAGE: ( 1477:1559 ) MinkIPC_QRTR_Service:351 minkipc = 0xb400007327854850 sock = 29, client with node 1 port 6181 went down
05-10 07:12:52.301 I/minksocket( 1477): MinkIPC MESSAGE: ( 1477:1541 ) MinkIPC_QRTR_Service:351 minkipc = 0xb400007327854430 sock = 20, client with node 1 port 6182 went down
05-10 07:12:52.301 I/minksocket( 1477): MinkIPC MESSAGE: ( 1477:1559 ) MinkIPC_QRTR_Service:351 minkipc = 0xb400007327854850 sock = 29, client with node 1 port 6182 went down
05-10 07:12:52.304 I/minksocket( 1477): MinkIPC MESSAGE: ( 1477:1541 ) MinkIPC_QRTR_Service:351 minkipc = 0xb400007327854430 sock = 20, client with node 1 port 6183 went down
05-10 07:12:52.305 I/minksocket( 1477): MinkIPC MESSAGE: ( 1477:1559 ) MinkIPC_QRTR_Service:351 minkipc = 0xb400007327854850 sock = 29, client with node 1 port 6183 went down
05-10 07:12:53.287 I/minksocket( 1477): MinkIPC MESSAGE: ( 1477:1541 ) MinkIPC_QRTR_Service:351 minkipc = 0xb400007327854430 sock = 20, client with node 1 port 6184 went down
05-10 07:12:53.287 I/minksocket( 1477): MinkIPC MESSAGE: ( 1477:1559 ) MinkIPC_QRTR_Service:351 minkipc = 0xb400007327854850 sock = 29, client with node 1 port 6184 went down
05-10 07:12:53.294 I/minksocket( 1477): MinkIPC MESSAGE: ( 1477:1541 ) MinkIPC_QRTR_Service:351 minkipc = 0xb400007327854430 sock = 20, client with node 1 port 6185 went down
05-10 07:12:53.294 I/minksocket( 1477): MinkIPC MESSAGE: ( 1477:1559 ) MinkIPC_QRTR_Service:351 minkipc = 0xb400007327854850 sock = 29, client with node 1 port 6185 went down
05-10 07:12:53.298 I/minksocket( 1477): MinkIPC MESSAGE: ( 1477:1541 ) MinkIPC_QRTR_Service:351 minkipc = 0xb400007327854430 sock = 20, client with node 1 port 6186 went down
05-10 07:12:53.298 I/minksocket( 1477): MinkIPC MESSAGE: ( 1477:1559 ) MinkIPC_QRTR_Service:351 minkipc = 0xb400007327854850 sock = 29, client with node 1 port 6186 went down
05-10 07:12:53.306 I/minksocket( 1477): MinkIPC MESSAGE: ( 1477:1541 ) MinkIPC_QRTR_Service:351 minkipc = 0xb400007327854430 sock = 20, client with node 1 port 6188 went down
05-10 07:12:53.306 I/minksocket( 1477): MinkIPC MESSAGE: ( 1477:1559 ) MinkIPC_QRTR_Service:351 minkipc = 0xb400007327854850 sock = 29, client with node 1 port 6188 went down
05-10 07:12:53.313 I/minksocket( 1477): MinkIPC MESSAGE: ( 1477:1541 ) MinkIPC_QRTR_Service:351 minkipc = 0xb400007327854430 sock = 20, client with node 1 port 6189 went down
05-10 07:12:53.313 I/minksocket( 1477): MinkIPC MESSAGE: ( 1477:1559 ) MinkIPC_QRTR_Service:351 minkipc = 0xb400007327854850 sock = 29, client with node 1 port 6189 went down
05-10 07:12:53.316 I/minksocket( 1477): MinkIPC MESSAGE: ( 1477:1541 ) MinkIPC_QRTR_Service:351 minkipc = 0xb400007327854430 sock = 20, client with node 1 port 618a went down
05-10 07:12:53.316 I/minksocket( 1477): MinkIPC MESSAGE: ( 1477:1559 ) MinkIPC_QRTR_Service:351 minkipc = 0xb400007327854850 sock = 29, client with node 1 port 618a went down
05-10 07:12:53.388 I/minksocket( 1477): MinkIPC MESSAGE: ( 1477:1541 ) MinkIPC_QRTR_Service:351 minkipc = 0xb400007327854430 sock = 20, client with node 1 port 618c went down
05-10 07:12:53.388 I/minksocket( 1477): MinkIPC MESSAGE: ( 1477:1559 ) MinkIPC_QRTR_Service:351 minkipc = 0xb400007327854850 sock = 29, client with node 1 port 618c went down
05-10 07:12:53.394 I/minksocket( 1477): MinkIPC MESSAGE: ( 1477:1541 ) MinkIPC_QRTR_Service:351 minkipc = 0xb400007327854430 sock = 20, client with node 1 port 618d went down
05-10 07:12:53.395 I/minksocket( 1477): MinkIPC MESSAGE: ( 1477:1559 ) MinkIPC_QRTR_Service:351 minkipc = 0xb400007327854850 sock = 29, client with node 1 port 618d went down
05-10 07:12:53.399 I/minksocket( 1477): MinkIPC MESSAGE: ( 1477:1541 ) MinkIPC_QRTR_Service:351 minkipc = 0xb400007327854430 sock = 20, client with node 1 port 618e went down
05-10 07:12:53.399 I/minksocket( 1477): MinkIPC MESSAGE: ( 1477:1559 ) MinkIPC_QRTR_Service:351 minkipc = 0xb400007327854850 sock = 29, client with node 1 port 618e went down
05-10 07:12:53.402 I/minksocket( 1477): MinkIPC MESSAGE: ( 1477:1541 ) MinkIPC_QRTR_Service:351 minkipc = 0xb400007327854430 sock = 20, client with node 1 port 618f went down
05-10 07:12:53.403 I/minksocket( 1477): MinkIPC MESSAGE: ( 1477:1559 ) MinkIPC_QRTR_Service:351 minkipc = 0xb400007327854850 sock = 29, client with node 1 port 618f went down
05-10 07:12:46.969 E/ipa_pm_handle_suspend(21477): 1280 Client IPA_CLIENT_APPS_WAN_CONS woke up the system
05-10 07:12:54.487 I/minksocket( 1477): MinkIPC MESSAGE: ( 1477:1541 ) MinkIPC_QRTR_Service:351 minkipc = 0xb400007327854430 sock = 20, client with node 1 port 6190 went down
05-10 07:12:54.488 I/minksocket( 1477): MinkIPC MESSAGE: ( 1477:1559 ) MinkIPC_QRTR_Service:351 minkipc = 0xb400007327854850 sock = 29, client with node 1 port 6190 went down
05-10 07:12:54.493 I/minksocket( 1477): MinkIPC MESSAGE: ( 1477:1541 ) MinkIPC_QRTR_Service:351 minkipc = 0xb400007327854430 sock = 20, client with node 1 port 6191 went down
05-10 07:12:54.493 I/minksocket( 1477): MinkIPC MESSAGE: ( 1477:1559 ) MinkIPC_QRTR_Service:351 minkipc = 0xb400007327854850 sock = 29, client with node 1 port 6191 went down
05-10 07:12:54.497 I/minksocket( 1477): MinkIPC MESSAGE: ( 1477:1541 ) MinkIPC_QRTR_Service:351 minkipc = 0xb400007327854430 sock = 20, client with node 1 port 6192 went down
05-10 07:12:54.498 I/minksocket( 1477): MinkIPC MESSAGE: ( 1477:1559 ) MinkIPC_QRTR_Service:351 minkipc = 0xb400007327854850 sock = 29, client with node 1 port 6192 went down
05-10 07:12:54.501 I/minksocket( 1477): MinkIPC MESSAGE: ( 1477:1541 ) MinkIPC_QRTR_Service:351 minkipc = 0xb400007327854430 sock = 20, client with node 1 port 6193 went down
05-10 07:12:54.501 I/minksocket( 1477): MinkIPC MESSAGE: ( 1477:1559 ) MinkIPC_QRTR_Service:351 minkipc = 0xb400007327854850 sock = 29, client with node 1 port 6193 went down
05-10 07:12:48.409 E/ipa_pm_handle_suspend(19980): 1280 Client IPA_CLIENT_APPS_WAN_CONS woke up the system
05-10 07:12:55.333 W/pmCoreThread( 1595): type=1400 audit(0.0:2265110852): avc:  denied  { write } for  name="qlm_service" dev="tmpfs" ino=1638 scontext=u:r:vendor_hal_poweroptservice_qti:s0 tcontext=u:object_r:vendor_qlm_socket:s0 tclass=sock_file permissive=0
05-10 07:12:55.339 E/QLM-Client-Lib( 1595): QLM-Lib-Client:do_common_listen:connect failure, err:13, path:/dev/socket/qlm_service
05-10 07:12:55.588 I/minksocket( 1477): MinkIPC MESSAGE: ( 1477:1541 ) MinkIPC_QRTR_Service:351 minkipc = 0xb400007327854430 sock = 20, client with node 1 port 6194 went down
05-10 07:12:55.588 I/minksocket( 1477): MinkIPC MESSAGE: ( 1477:1559 ) MinkIPC_QRTR_Service:351 minkipc = 0xb400007327854850 sock = 29, client with node 1 port 6194 went down
05-10 07:12:55.592 I/minksocket( 1477): MinkIPC MESSAGE: ( 1477:1541 ) MinkIPC_QRTR_Service:351 minkipc = 0xb400007327854430 sock = 20, client with node 1 port 6195 went down
05-10 07:12:55.593 I/minksocket( 1477): MinkIPC MESSAGE: ( 1477:1559 ) MinkIPC_QRTR_Service:351 minkipc = 0xb400007327854850 sock = 29, client with node 1 port 6195 went down
05-10 07:12:55.596 I/minksocket( 1477): MinkIPC MESSAGE: ( 1477:1541 ) MinkIPC_QRTR_Service:351 minkipc = 0xb400007327854430 sock = 20, client with node 1 port 6196 went down
05-10 07:12:55.597 I/minksocket( 1477): MinkIPC MESSAGE: ( 1477:1559 ) MinkIPC_QRTR_Service:351 minkipc = 0xb400007327854850 sock = 29, client with node 1 port 6196 went down
05-10 07:12:55.599 I/minksocket( 1477): MinkIPC MESSAGE: ( 1477:1541 ) MinkIPC_QRTR_Service:351 minkipc = 0xb400007327854430 sock = 20, client with node 1 port 6197 went down
05-10 07:12:55.599 I/minksocket( 1477): MinkIPC MESSAGE: ( 1477:1559 ) MinkIPC_QRTR_Service:351 minkipc = 0xb400007327854850 sock = 29, client with node 1 port 6197 went down
05-10 07:12:56.687 I/minksocket( 1477): MinkIPC MESSAGE: ( 1477:1541 ) MinkIPC_QRTR_Service:351 minkipc = 0xb400007327854430 sock = 20, client with node 1 port 6198 went down
05-10 07:12:56.688 I/minksocket( 1477): MinkIPC MESSAGE: ( 1477:1559 ) MinkIPC_QRTR_Service:351 minkipc = 0xb400007327854850 sock = 29, client with node 1 port 6198 went down
05-10 07:12:56.694 I/minksocket( 1477): MinkIPC MESSAGE: ( 1477:1541 ) MinkIPC_QRTR_Service:351 minkipc = 0xb400007327854430 sock = 20, client with node 1 port 6199 went down
05-10 07:12:56.695 I/minksocket( 1477): MinkIPC MESSAGE: ( 1477:1559 ) MinkIPC_QRTR_Service:351 minkipc = 0xb400007327854850 sock = 29, client with node 1 port 6199 went down
05-10 07:12:56.698 I/minksocket( 1477): MinkIPC MESSAGE: ( 1477:1541 ) MinkIPC_QRTR_Service:351 minkipc = 0xb400007327854430 sock = 20, client with node 1 port 619a went down
05-10 07:12:56.698 I/minksocket( 1477): MinkIPC MESSAGE: ( 1477:1559 ) MinkIPC_QRTR_Service:351 minkipc = 0xb400007327854850 sock = 29, client with node 1 port 619a went down
05-10 07:12:56.702 I/minksocket( 1477): MinkIPC MESSAGE: ( 1477:1541 ) MinkIPC_QRTR_Service:351 minkipc = 0xb400007327854430 sock = 20, client with node 1 port 619b went down
05-10 07:12:56.702 I/minksocket( 1477): MinkIPC MESSAGE: ( 1477:1559 ) MinkIPC_QRTR_Service:351 minkipc = 0xb400007327854850 sock = 29, client with node 1 port 619b went down
05-10 07:12:57.792 I/minksocket( 1477): MinkIPC MESSAGE: ( 1477:1541 ) MinkIPC_QRTR_Service:351 minkipc = 0xb400007327854430 sock = 20, client with node 1 port 619c went down
05-10 07:12:57.793 I/minksocket( 1477): MinkIPC MESSAGE: ( 1477:1559 ) MinkIPC_QRTR_Service:351 minkipc = 0xb400007327854850 sock = 29, client with node 1 port 619c went down
05-10 07:12:57.797 I/minksocket( 1477): MinkIPC MESSAGE: ( 1477:1541 ) MinkIPC_QRTR_Service:351 minkipc = 0xb400007327854430 sock = 20, client with node 1 port 619d went down
05-10 07:12:57.798 I/minksocket( 1477): MinkIPC MESSAGE: ( 1477:1559 ) MinkIPC_QRTR_Service:351 minkipc = 0xb400007327854850 sock = 29, client with node 1 port 619d went down
05-10 07:12:57.802 I/minksocket( 1477): MinkIPC MESSAGE: ( 1477:1541 ) MinkIPC_QRTR_Service:351 minkipc = 0xb400007327854430 sock = 20, client with node 1 port 619e went down
05-10 07:12:57.802 I/minksocket( 1477): MinkIPC MESSAGE: ( 1477:1559 ) MinkIPC_QRTR_Service:351 minkipc = 0xb400007327854850 sock = 29, client with node 1 port 619e went down
05-10 07:12:57.804 I/minksocket( 1477): MinkIPC MESSAGE: ( 1477:1541 ) MinkIPC_QRTR_Service:351 minkipc = 0xb400007327854430 sock = 20, client with node 1 port 619f went down
05-10 07:12:57.805 I/minksocket( 1477): MinkIPC MESSAGE: ( 1477:1559 ) MinkIPC_QRTR_Service:351 minkipc = 0xb400007327854850 sock = 29, client with node 1 port 619f went down
05-10 07:12:57.992 I/minksocket( 1477): MinkIPC MESSAGE: ( 1477:1541 ) MinkIPC_QRTR_Service:351 minkipc = 0xb400007327854430 sock = 20, client with node 1 port 6187 went down
05-10 07:12:57.992 I/minksocket( 1477): MinkIPC MESSAGE: ( 1477:1559 ) MinkIPC_QRTR_Service:351 minkipc = 0xb400007327854850 sock = 29, client with node 1 port 6187 went down
05-10 07:12:57.995 I/minksocket( 1477): MinkIPC MESSAGE: ( 1477:1541 ) MinkIPC_QRTR_Service:351 minkipc = 0xb400007327854430 sock = 20, client with node 1 port 618b went down
05-10 07:12:57.995 I/minksocket( 1477): MinkIPC MESSAGE: ( 1477:1559 ) MinkIPC_QRTR_Service:351 minkipc = 0xb400007327854850 sock = 29, client with node 1 port 618b went down
05-10 07:13:00.017 D/ActivityManager( 2539): sync unfroze 22334 com.nothing.logkit for 10
05-10 07:13:00.019 D/ActivityManager( 2539): sync unfroze 23803 com.android.keychain for 10
05-10 07:13:00.034 I/CNSS    ( 2014): /sys/wifi/dump_in_progress doesn't exist
05-10 07:13:00.034 I/CNSS    ( 2014): /sys/wifi/max_chipset_log_size doesn't exist
05-10 07:13:00.069 D/PolylineClockView( 3257):  onDraw:true
05-10 07:12:53.447 W/[    C0] [rt_task_fixup][725](    0): RT task was runnable for more than 200000 ns on CPU 0, moved it to CPU 1 (kgsl_hwsched-958)
05-10 07:13:00.337 W/pmCoreThread( 1595): type=1400 audit(0.0:2265110853): avc:  denied  { write } for  name="qlm_service" dev="tmpfs" ino=1638 scontext=u:r:vendor_hal_poweroptservice_qti:s0 tcontext=u:object_r:vendor_qlm_socket:s0 tclass=sock_file permissive=0
05-10 07:13:00.341 E/QLM-Client-Lib( 1595): QLM-Lib-Client:do_common_listen:connect failure, err:13, path:/dev/socket/qlm_service
05-10 07:13:00.618 I/minksocket( 1477): MinkIPC MESSAGE: ( 1477:1541 ) MinkIPC_QRTR_Service:351 minkipc = 0xb400007327854430 sock = 20, client with node 1 port 61a0 went down
05-10 07:13:00.618 I/minksocket( 1477): MinkIPC MESSAGE: ( 1477:1559 ) MinkIPC_QRTR_Service:351 minkipc = 0xb400007327854850 sock = 29, client with node 1 port 61a0 went down
05-10 07:13:00.620 I/minksocket( 1477): MinkIPC MESSAGE: ( 1477:1541 ) MinkIPC_QRTR_Service:351 minkipc = 0xb400007327854430 sock = 20, client with node 1 port 61a1 went down
05-10 07:13:00.621 I/minksocket( 1477): MinkIPC MESSAGE: ( 1477:1559 ) MinkIPC_QRTR_Service:351 minkipc = 0xb400007327854850 sock = 29, client with node 1 port 61a1 went down
05-10 07:13:00.625 I/minksocket( 1477): MinkIPC MESSAGE: ( 1477:1541 ) MinkIPC_QRTR_Service:351 minkipc = 0xb400007327854430 sock = 20, client with node 1 port 61a2 went down
05-10 07:13:00.625 I/minksocket( 1477): MinkIPC MESSAGE: ( 1477:1559 ) MinkIPC_QRTR_Service:351 minkipc = 0xb400007327854850 sock = 29, client with node 1 port 61a2 went down
05-10 07:13:00.629 I/minksocket( 1477): MinkIPC MESSAGE: ( 1477:1541 ) MinkIPC_QRTR_Service:351 minkipc = 0xb400007327854430 sock = 20, client with node 1 port 61a3 went down
05-10 07:13:00.629 I/minksocket( 1477): MinkIPC MESSAGE: ( 1477:1559 ) MinkIPC_QRTR_Service:351 minkipc = 0xb400007327854850 sock = 29, client with node 1 port 61a3 went down
05-10 07:13:01.290 I/vendor.qti.hardware.servicetrackeraidl-service( 1647): unbindService is called for service : com.nothing.universal.search/.proxy.SearchUIService and for client com.nothing.launcher
05-10 07:13:01.290 I/vendor.qti.hardware.servicetrackeraidl-service( 1647): size of service connections for service: com.nothing.universal.search/.proxy.SearchUIServiceafter removal is 0
05-10 07:13:01.290 I/vendor.qti.hardware.servicetrackeraidl-service( 1647): size of client connections for client: com.nothing.launcherafter removal is 7
05-10 07:13:01.291 I/vendor.qti.hardware.servicetrackeraidl-service( 1647): destroyService is called for service : com.nothing.universal.search/.proxy.SearchUIService
05-10 07:13:01.297 I/NT-AsyncServiceBinder(25870): innerUnbindService called this = 117712601
05-10 07:13:01.300 D/ActivityManager( 2539): sync unfroze 22084 com.android.settings.intelligence for 7
05-10 07:13:01.310 I/ActivityManager( 2539): Killing 22714:com.locket.Locket/u0a340 (adj 995): empty #31
05-10 07:13:01.313 D/NTBaseContentProvider(22084): onSearchDestroy
05-10 07:13:01.319 I/SDM     ( 1627): DisplayBase::CommitThread: Received idle timeout, panel: video, timeout: 70000 us
05-10 07:13:01.387 D/ConnectivityService( 2539): releasing NetworkRequest [ REQUEST id=99969, [ Capabilities: INTERNET&NOT_RESTRICTED&TRUSTED&NOT_VCN_MANAGED&NOT_BANDWIDTH_CONSTRAINED Uid: 10340 RequestorUid: 10340 RequestorPkg: com.locket.Locket UnderlyingNetworks: Null] ] (release request)
05-10 07:13:01.388 I/Zygote  ( 1390): Process 22714 exited due to signal 9 (Killed)
05-10 07:13:01.388 I/libprocessgroup( 2539): Removed cgroup /sys/fs/cgroup/apps/uid_10340/pid_22714
05-10 07:13:01.388 I/vendor.qti.hardware.servicetrackeraidl-service( 1647): killProcess is called for pid : 22714
05-10 07:13:01.388 I/vendor.qti.hardware.servicetrackeraidl-service( 1647): process with pid 22714 is service
05-10 07:13:01.388 I/vendor.qti.hardware.servicetrackeraidl-service( 1647): size of client connections for client: com.locket.Locketafter removal is 0
05-10 07:13:01.388 I/vendor.qti.hardware.servicetrackeraidl-service( 1647): process with pid 22714 is client
05-10 07:13:01.388 I/vendor.qti.hardware.servicetrackeraidl-service( 1647): removing client with pid 22714process namecom.locket.Locket
05-10 07:13:01.388 I/vendor.qti.hardware.servicetrackeraidl-service( 1647): destroyService is called for service : com.locket.Locket/com.google.firebase.sessions.SessionLifecycleService
05-10 07:12:54.754 I/binder  (28054): undelivered transaction 607426345, process died.
05-10 07:13:01.391 V/OsAgent ( 4717): broadcastSystemEvent - 7
05-10 07:12:54.996 E/ipa_pm_handle_suspend(25921): 1280 Client IPA_CLIENT_APPS_WAN_CONS woke up the system
05-10 07:13:01.715 I/minksocket( 1477): MinkIPC MESSAGE: ( 1477:1541 ) MinkIPC_QRTR_Service:351 minkipc = 0xb400007327854430 sock = 20, client with node 1 port 61a4 went down
05-10 07:13:01.715 I/minksocket( 1477): MinkIPC MESSAGE: ( 1477:1559 ) MinkIPC_QRTR_Service:351 minkipc = 0xb400007327854850 sock = 29, client with node 1 port 61a4 went down
05-10 07:13:01.717 I/minksocket( 1477): MinkIPC MESSAGE: ( 1477:1559 ) MinkIPC_QRTR_Service:351 minkipc = 0xb400007327854850 sock = 29, client with node 1 port 61a5 went down
05-10 07:13:01.718 I/minksocket( 1477): MinkIPC MESSAGE: ( 1477:1541 ) MinkIPC_QRTR_Service:351 minkipc = 0xb400007327854430 sock = 20, client with node 1 port 61a5 went down
05-10 07:13:01.719 I/minksocket( 1477): MinkIPC MESSAGE: ( 1477:1559 ) MinkIPC_QRTR_Service:351 minkipc = 0xb400007327854850 sock = 29, client with node 1 port 61a6 went down
05-10 07:13:01.719 I/minksocket( 1477): MinkIPC MESSAGE: ( 1477:1541 ) MinkIPC_QRTR_Service:351 minkipc = 0xb400007327854430 sock = 20, client with node 1 port 61a6 went down
05-10 07:13:01.721 I/minksocket( 1477): MinkIPC MESSAGE: ( 1477:1559 ) MinkIPC_QRTR_Service:351 minkipc = 0xb400007327854850 sock = 29, client with node 1 port 61a7 went down
05-10 07:13:01.721 I/minksocket( 1477): MinkIPC MESSAGE: ( 1477:1541 ) MinkIPC_QRTR_Service:351 minkipc = 0xb400007327854430 sock = 20, client with node 1 port 61a7 went down
05-10 07:13:02.115 I/minksocket( 1477): MinkIPC MESSAGE: ( 1477:1541 ) MinkIPC_QRTR_Service:351 minkipc = 0xb400007327854430 sock = 20, client with node 1 port 61a8 went down
05-10 07:13:02.115 I/minksocket( 1477): MinkIPC MESSAGE: ( 1477:1559 ) MinkIPC_QRTR_Service:351 minkipc = 0xb400007327854850 sock = 29, client with node 1 port 61a8 went down
05-10 07:13:02.122 I/minksocket( 1477): MinkIPC MESSAGE: ( 1477:1541 ) MinkIPC_QRTR_Service:351 minkipc = 0xb400007327854430 sock = 20, client with node 1 port 61a9 went down
05-10 07:13:02.122 I/minksocket( 1477): MinkIPC MESSAGE: ( 1477:1559 ) MinkIPC_QRTR_Service:351 minkipc = 0xb400007327854850 sock = 29, client with node 1 port 61a9 went down
05-10 07:13:02.125 I/minksocket( 1477): MinkIPC MESSAGE: ( 1477:1541 ) MinkIPC_QRTR_Service:351 minkipc = 0xb400007327854430 sock = 20, client with node 1 port 61aa went down
05-10 07:13:02.125 I/minksocket( 1477): MinkIPC MESSAGE: ( 1477:1559 ) MinkIPC_QRTR_Service:351 minkipc = 0xb400007327854850 sock = 29, client with node 1 port 61aa went down
05-10 07:13:02.134 I/minksocket( 1477): MinkIPC MESSAGE: ( 1477:1541 ) MinkIPC_QRTR_Service:351 minkipc = 0xb400007327854430 sock = 20, client with node 1 port 61ac went down
05-10 07:13:02.134 I/minksocket( 1477): MinkIPC MESSAGE: ( 1477:1559 ) MinkIPC_QRTR_Service:351 minkipc = 0xb400007327854850 sock = 29, client with node 1 port 61ac went down
05-10 07:13:02.141 I/minksocket( 1477): MinkIPC MESSAGE: ( 1477:1541 ) MinkIPC_QRTR_Service:351 minkipc = 0xb400007327854430 sock = 20, client with node 1 port 61ad went down
05-10 07:13:02.141 I/minksocket( 1477): MinkIPC MESSAGE: ( 1477:1559 ) MinkIPC_QRTR_Service:351 minkipc = 0xb400007327854850 sock = 29, client with node 1 port 61ad went down
05-10 07:13:02.145 I/minksocket( 1477): MinkIPC MESSAGE: ( 1477:1541 ) MinkIPC_QRTR_Service:351 minkipc = 0xb400007327854430 sock = 20, client with node 1 port 61ae went down
05-10 07:13:02.145 I/minksocket( 1477): MinkIPC MESSAGE: ( 1477:1559 ) MinkIPC_QRTR_Service:351 minkipc = 0xb400007327854850 sock = 29, client with node 1 port 61ae went down
05-10 07:13:02.815 I/minksocket( 1477): MinkIPC MESSAGE: ( 1477:1541 ) MinkIPC_QRTR_Service:351 minkipc = 0xb400007327854430 sock = 20, client with node 1 port 61b0 went down
05-10 07:13:02.816 I/minksocket( 1477): MinkIPC MESSAGE: ( 1477:1559 ) MinkIPC_QRTR_Service:351 minkipc = 0xb400007327854850 sock = 29, client with node 1 port 61b0 went down
05-10 07:13:02.819 I/minksocket( 1477): MinkIPC MESSAGE: ( 1477:1541 ) MinkIPC_QRTR_Service:351 minkipc = 0xb400007327854430 sock = 20, client with node 1 port 61b1 went down
05-10 07:13:02.820 I/minksocket( 1477): MinkIPC MESSAGE: ( 1477:1559 ) MinkIPC_QRTR_Service:351 minkipc = 0xb400007327854850 sock = 29, client with node 1 port 61b1 went down
05-10 07:13:02.825 I/minksocket( 1477): MinkIPC MESSAGE: ( 1477:1541 ) MinkIPC_QRTR_Service:351 minkipc = 0xb400007327854430 sock = 20, client with node 1 port 61b2 went down
05-10 07:13:02.825 I/minksocket( 1477): MinkIPC MESSAGE: ( 1477:1559 ) MinkIPC_QRTR_Service:351 minkipc = 0xb400007327854850 sock = 29, client with node 1 port 61b2 went down
05-10 07:13:02.828 I/minksocket( 1477): MinkIPC MESSAGE: ( 1477:1541 ) MinkIPC_QRTR_Service:351 minkipc = 0xb400007327854430 sock = 20, client with node 1 port 61b3 went down
05-10 07:13:02.829 I/minksocket( 1477): MinkIPC MESSAGE: ( 1477:1559 ) MinkIPC_QRTR_Service:351 minkipc = 0xb400007327854850 sock = 29, client with node 1 port 61b3 went down
05-10 07:13:03.038 D/DozeService( 3257): setDozeScreenState= state: 3, dozeScreenState: 3, cb: com.android.systemui.doze.DozeMachine$Service$Delegate.setDozeScreenState:721 com.android.systemui.doze.DozeMachine$Service$Delegate.setDozeScreenState:721 com.android.systemui.doze.DozeSuspendScreenStatePreventingAdapter.setDozeScreenState:40 com.android.systemui.doze.DozeScreenState.applyScreenState:463 com.android.systemui.doze.DozeScreenState.$r8$lambda$z5VvcEP0FxHuYP5DNIXAFKxmoZI:0 com.android.systemui.doze.DozeScreenState$$ExternalSyntheticLambda2.accept:0 com.nothing.systemui.doze.DozeScreenStateEx$4.run:386 android.os.Handler.handleCallback:995 
05-10 07:13:03.038 D/DozeService( 3257): request state is same with current state, skip change request
05-10 07:13:03.325 D/NtMemoryManager( 2539): don't raise adj due to remove task : com.whatsapp : -1
05-10 07:13:03.325 D/NtMemoryManager( 2539): com.instagram.android last pss: 1119348
05-10 07:13:03.326 D/NtMemoryManager( 2539): in.startv.hotstar last pss: 677700
05-10 07:13:03.326 D/NtMemoryManager( 2539): don't raise adj due to remove task : com.whatsapp : -1
05-10 07:13:03.326 D/NtMemoryManager( 2539): com.instagram.android last pss: 1119348
05-10 07:13:03.326 D/NtMemoryManager( 2539): in.startv.hotstar last pss: 677700
05-10 07:13:03.915 I/minksocket( 1477): MinkIPC MESSAGE: ( 1477:1541 ) MinkIPC_QRTR_Service:351 minkipc = 0xb400007327854430 sock = 20, client with node 1 port 61b4 went down
05-10 07:13:03.916 I/minksocket( 1477): MinkIPC MESSAGE: ( 1477:1559 ) MinkIPC_QRTR_Service:351 minkipc = 0xb400007327854850 sock = 29, client with node 1 port 61b4 went down
05-10 07:13:03.922 I/minksocket( 1477): MinkIPC MESSAGE: ( 1477:1541 ) MinkIPC_QRTR_Service:351 minkipc = 0xb400007327854430 sock = 20, client with node 1 port 61b5 went down
05-10 07:13:03.922 I/minksocket( 1477): MinkIPC MESSAGE: ( 1477:1559 ) MinkIPC_QRTR_Service:351 minkipc = 0xb400007327854850 sock = 29, client with node 1 port 61b5 went down
05-10 07:13:03.926 I/minksocket( 1477): MinkIPC MESSAGE: ( 1477:1541 ) MinkIPC_QRTR_Service:351 minkipc = 0xb400007327854430 sock = 20, client with node 1 port 61b6 went down
05-10 07:13:03.927 I/minksocket( 1477): MinkIPC MESSAGE: ( 1477:1559 ) MinkIPC_QRTR_Service:351 minkipc = 0xb400007327854850 sock = 29, client with node 1 port 61b6 went down
05-10 07:13:03.930 I/minksocket( 1477): MinkIPC MESSAGE: ( 1477:1541 ) MinkIPC_QRTR_Service:351 minkipc = 0xb400007327854430 sock = 20, client with node 1 port 61b7 went down
05-10 07:13:03.930 I/minksocket( 1477): MinkIPC MESSAGE: ( 1477:1559 ) MinkIPC_QRTR_Service:351 minkipc = 0xb400007327854850 sock = 29, client with node 1 port 61b7 went down
05-10 07:13:04.061 D/NtMemoryManager( 2539): don't raise adj due to remove task : com.whatsapp : -1
05-10 07:13:04.061 D/NtMemoryManager( 2539): com.instagram.android last pss: 1119348
05-10 07:13:04.061 D/NtMemoryManager( 2539): in.startv.hotstar last pss: 677700
05-10 07:12:58.008 E/healthd ( 1506): soc_b:0, soc:80, soc_c:80, Vol:4174, Cur:116,chg_s:1,t_l:245,b_s:2,OffTlast:60,lcd_off:1,Vu:4852,Vw:0,pid:1506,brightness:1.889764,rmCap:3956
05-10 07:12:58.008 E/healthd ( 1506): battery l=80 v=4174 t=36.0 h=2 st=2 c=116274 fc=4969000 cc=97 chg=u
05-10 07:13:04.642 E/NtChgAidl( 1606): NtChgAidl: mBattTempRegion _aidl_return:0
05-10 07:12:58.023 E/healthd ( 1506): soc_b:0, soc:80, soc_c:80, Vol:4174, Cur:116,chg_s:1,t_l:245,b_s:2,OffTlast:60,lcd_off:1,Vu:4852,Vw:0,pid:1506,brightness:1.889764,rmCap:3956
05-10 07:13:04.657 E/NtChgAidl( 1606): NtChgAidl: mBattTempRegion _aidl_return:0
05-10 07:12:58.024 W/HealthLoop( 1506): debug.tracing.screen_brightness:1.889764
05-10 07:13:05.015 I/minksocket( 1477): MinkIPC MESSAGE: ( 1477:1541 ) MinkIPC_QRTR_Service:351 minkipc = 0xb400007327854430 sock = 20, client with node 1 port 61b8 went down
05-10 07:13:05.016 I/minksocket( 1477): MinkIPC MESSAGE: ( 1477:1559 ) MinkIPC_QRTR_Service:351 minkipc = 0xb400007327854850 sock = 29, client with node 1 port 61b8 went down
05-10 07:13:05.022 I/minksocket( 1477): MinkIPC MESSAGE: ( 1477:1541 ) MinkIPC_QRTR_Service:351 minkipc = 0xb400007327854430 sock = 20, client with node 1 port 61b9 went down
05-10 07:13:05.022 I/minksocket( 1477): MinkIPC MESSAGE: ( 1477:1559 ) MinkIPC_QRTR_Service:351 minkipc = 0xb400007327854850 sock = 29, client with node 1 port 61b9 went down
05-10 07:13:05.026 I/minksocket( 1477): MinkIPC MESSAGE: ( 1477:1541 ) MinkIPC_QRTR_Service:351 minkipc = 0xb400007327854430 sock = 20, client with node 1 port 61ba went down
05-10 07:13:05.027 I/minksocket( 1477): MinkIPC MESSAGE: ( 1477:1559 ) MinkIPC_QRTR_Service:351 minkipc = 0xb400007327854850 sock = 29, client with node 1 port 61ba went down
05-10 07:13:05.030 I/minksocket( 1477): MinkIPC MESSAGE: ( 1477:1541 ) MinkIPC_QRTR_Service:351 minkipc = 0xb400007327854430 sock = 20, client with node 1 port 61bb went down
05-10 07:13:05.031 I/minksocket( 1477): MinkIPC MESSAGE: ( 1477:1559 ) MinkIPC_QRTR_Service:351 minkipc = 0xb400007327854850 sock = 29, client with node 1 port 61bb went down
05-10 07:13:05.341 W/pmCoreThread( 1595): type=1400 audit(0.0:2265110854): avc:  denied  { write } for  name="qlm_service" dev="tmpfs" ino=1638 scontext=u:r:vendor_hal_poweroptservice_qti:s0 tcontext=u:object_r:vendor_qlm_socket:s0 tclass=sock_file permissive=0
05-10 07:13:05.342 E/QLM-Client-Lib( 1595): QLM-Lib-Client:do_common_listen:connect failure, err:13, path:/dev/socket/qlm_service
05-10 07:13:06.119 I/minksocket( 1477): MinkIPC MESSAGE: ( 1477:1541 ) MinkIPC_QRTR_Service:351 minkipc = 0xb400007327854430 sock = 20, client with node 1 port 61bc went down
05-10 07:13:06.119 I/minksocket( 1477): MinkIPC MESSAGE: ( 1477:1559 ) MinkIPC_QRTR_Service:351 minkipc = 0xb400007327854850 sock = 29, client with node 1 port 61bc went down
05-10 07:13:06.124 I/minksocket( 1477): MinkIPC MESSAGE: ( 1477:1541 ) MinkIPC_QRTR_Service:351 minkipc = 0xb400007327854430 sock = 20, client with node 1 port 61bd went down
05-10 07:13:06.124 I/minksocket( 1477): MinkIPC MESSAGE: ( 1477:1559 ) MinkIPC_QRTR_Service:351 minkipc = 0xb400007327854850 sock = 29, client with node 1 port 61bd went down
05-10 07:13:06.128 I/minksocket( 1477): MinkIPC MESSAGE: ( 1477:1541 ) MinkIPC_QRTR_Service:351 minkipc = 0xb400007327854430 sock = 20, client with node 1 port 61be went down
05-10 07:13:06.128 I/minksocket( 1477): MinkIPC MESSAGE: ( 1477:1559 ) MinkIPC_QRTR_Service:351 minkipc = 0xb400007327854850 sock = 29, client with node 1 port 61be went down
05-10 07:13:06.131 I/minksocket( 1477): MinkIPC MESSAGE: ( 1477:1541 ) MinkIPC_QRTR_Service:351 minkipc = 0xb400007327854430 sock = 20, client with node 1 port 61bf went down
05-10 07:13:06.131 I/minksocket( 1477): MinkIPC MESSAGE: ( 1477:1559 ) MinkIPC_QRTR_Service:351 minkipc = 0xb400007327854850 sock = 29, client with node 1 port 61bf went down
05-10 07:13:06.519 I/minksocket( 1477): MinkIPC MESSAGE: ( 1477:1541 ) MinkIPC_QRTR_Service:351 minkipc = 0xb400007327854430 sock = 20, client with node 1 port 61ab went down
05-10 07:13:06.519 I/minksocket( 1477): MinkIPC MESSAGE: ( 1477:1559 ) MinkIPC_QRTR_Service:351 minkipc = 0xb400007327854850 sock = 29, client with node 1 port 61ab went down
05-10 07:13:06.522 I/minksocket( 1477): MinkIPC MESSAGE: ( 1477:1541 ) MinkIPC_QRTR_Service:351 minkipc = 0xb400007327854430 sock = 20, client with node 1 port 61af went down
05-10 07:13:06.523 I/minksocket( 1477): MinkIPC MESSAGE: ( 1477:1559 ) MinkIPC_QRTR_Service:351 minkipc = 0xb400007327854850 sock = 29, client with node 1 port 61af went down
05-10 07:13:07.215 I/minksocket( 1477): MinkIPC MESSAGE: ( 1477:1541 ) MinkIPC_QRTR_Service:351 minkipc = 0xb400007327854430 sock = 20, client with node 1 port 61c0 went down
05-10 07:13:07.215 I/minksocket( 1477): MinkIPC MESSAGE: ( 1477:1559 ) MinkIPC_QRTR_Service:351 minkipc = 0xb400007327854850 sock = 29, client with node 1 port 61c0 went down
05-10 07:13:07.224 I/minksocket( 1477): MinkIPC MESSAGE: ( 1477:1541 ) MinkIPC_QRTR_Service:351 minkipc = 0xb400007327854430 sock = 20, client with node 1 port 61c1 went down
05-10 07:13:07.224 I/minksocket( 1477): MinkIPC MESSAGE: ( 1477:1559 ) MinkIPC_QRTR_Service:351 minkipc = 0xb400007327854850 sock = 29, client with node 1 port 61c1 went down
05-10 07:13:07.233 I/minksocket( 1477): MinkIPC MESSAGE: ( 1477:1541 ) MinkIPC_QRTR_Service:351 minkipc = 0xb400007327854430 sock = 20, client with node 1 port 61c2 went down
05-10 07:13:07.233 I/minksocket( 1477): MinkIPC MESSAGE: ( 1477:1559 ) MinkIPC_QRTR_Service:351 minkipc = 0xb400007327854850 sock = 29, client with node 1 port 61c2 went down
05-10 07:13:07.237 I/minksocket( 1477): MinkIPC MESSAGE: ( 1477:1541 ) MinkIPC_QRTR_Service:351 minkipc = 0xb400007327854430 sock = 20, client with node 1 port 61c3 went down
05-10 07:13:07.237 I/minksocket( 1477): MinkIPC MESSAGE: ( 1477:1559 ) MinkIPC_QRTR_Service:351 minkipc = 0xb400007327854850 sock = 29, client with node 1 port 61c3 went down
05-10 07:13:07.418 I/minksocket( 1477): MinkIPC MESSAGE: ( 1477:1541 ) MinkIPC_QRTR_Service:351 minkipc = 0xb400007327854430 sock = 20, client with node 1 port 61c4 went down
05-10 07:13:07.418 I/minksocket( 1477): MinkIPC MESSAGE: ( 1477:1559 ) MinkIPC_QRTR_Service:351 minkipc = 0xb400007327854850 sock = 29, client with node 1 port 61c4 went down
05-10 07:13:07.422 I/minksocket( 1477): MinkIPC MESSAGE: ( 1477:1541 ) MinkIPC_QRTR_Service:351 minkipc = 0xb400007327854430 sock = 20, client with node 1 port 61c5 went down
05-10 07:13:07.423 I/minksocket( 1477): MinkIPC MESSAGE: ( 1477:1559 ) MinkIPC_QRTR_Service:351 minkipc = 0xb400007327854850 sock = 29, client with node 1 port 61c5 went down
05-10 07:13:07.427 I/minksocket( 1477): MinkIPC MESSAGE: ( 1477:1541 ) MinkIPC_QRTR_Service:351 minkipc = 0xb400007327854430 sock = 20, client with node 1 port 61c6 went down
05-10 07:13:07.427 I/minksocket( 1477): MinkIPC MESSAGE: ( 1477:1559 ) MinkIPC_QRTR_Service:351 minkipc = 0xb400007327854850 sock = 29, client with node 1 port 61c6 went down
05-10 07:13:07.429 I/minksocket( 1477): MinkIPC MESSAGE: ( 1477:1541 ) MinkIPC_QRTR_Service:351 minkipc = 0xb400007327854430 sock = 20, client with node 1 port 61c8 went down
05-10 07:13:07.429 I/minksocket( 1477): MinkIPC MESSAGE: ( 1477:1559 ) MinkIPC_QRTR_Service:351 minkipc = 0xb400007327854850 sock = 29, client with node 1 port 61c8 went down
05-10 07:13:07.437 I/minksocket( 1477): MinkIPC MESSAGE: ( 1477:1541 ) MinkIPC_QRTR_Service:351 minkipc = 0xb400007327854430 sock = 20, client with node 1 port 61c9 went down
05-10 07:13:07.438 I/minksocket( 1477): MinkIPC MESSAGE: ( 1477:1559 ) MinkIPC_QRTR_Service:351 minkipc = 0xb400007327854850 sock = 29, client with node 1 port 61c9 went down
05-10 07:13:07.441 I/minksocket( 1477): MinkIPC MESSAGE: ( 1477:1541 ) MinkIPC_QRTR_Service:351 minkipc = 0xb400007327854430 sock = 20, client with node 1 port 61ca went down
05-10 07:13:07.441 I/minksocket( 1477): MinkIPC MESSAGE: ( 1477:1559 ) MinkIPC_QRTR_Service:351 minkipc = 0xb400007327854850 sock = 29, client with node 1 port 61ca went down
05-10 07:13:07.629 I/SensorService( 2539): checkAndReportAmbientLightSensorStateChangeLocked new 0 old 0 force 0
05-10 07:13:08.323 I/minksocket( 1477): MinkIPC MESSAGE: ( 1477:1541 ) MinkIPC_QRTR_Service:351 minkipc = 0xb400007327854430 sock = 20, client with node 1 port 61cc went down
05-10 07:13:08.323 I/minksocket( 1477): MinkIPC MESSAGE: ( 1477:1559 ) MinkIPC_QRTR_Service:351 minkipc = 0xb400007327854850 sock = 29, client with node 1 port 61cc went down
05-10 07:13:08.330 I/minksocket( 1477): MinkIPC MESSAGE: ( 1477:1541 ) MinkIPC_QRTR_Service:351 minkipc = 0xb400007327854430 sock = 20, client with node 1 port 61cd went down
05-10 07:13:08.330 I/minksocket( 1477): MinkIPC MESSAGE: ( 1477:1559 ) MinkIPC_QRTR_Service:351 minkipc = 0xb400007327854850 sock = 29, client with node 1 port 61cd went down
05-10 07:13:08.335 I/minksocket( 1477): MinkIPC MESSAGE: ( 1477:1541 ) MinkIPC_QRTR_Service:351 minkipc = 0xb400007327854430 sock = 20, client with node 1 port 61ce went down
05-10 07:13:08.336 I/minksocket( 1477): MinkIPC MESSAGE: ( 1477:1559 ) MinkIPC_QRTR_Service:351 minkipc = 0xb400007327854850 sock = 29, client with node 1 port 61ce went down
05-10 07:13:08.339 I/minksocket( 1477): MinkIPC MESSAGE: ( 1477:1541 ) MinkIPC_QRTR_Service:351 minkipc = 0xb400007327854430 sock = 20, client with node 1 port 61cf went down
05-10 07:13:08.340 I/minksocket( 1477): MinkIPC MESSAGE: ( 1477:1559 ) MinkIPC_QRTR_Service:351 minkipc = 0xb400007327854850 sock = 29, client with node 1 port 61cf went down
05-10 07:13:08.419 I/minksocket( 1477): MinkIPC MESSAGE: ( 1477:1541 ) MinkIPC_QRTR_Service:351 minkipc = 0xb400007327854430 sock = 20, client with node 1 port 61c7 went down
05-10 07:13:08.419 I/minksocket( 1477): MinkIPC MESSAGE: ( 1477:1559 ) MinkIPC_QRTR_Service:351 minkipc = 0xb400007327854850 sock = 29, client with node 1 port 61c7 went down
05-10 07:13:08.423 I/minksocket( 1477): MinkIPC MESSAGE: ( 1477:1541 ) MinkIPC_QRTR_Service:351 minkipc = 0xb400007327854430 sock = 20, client with node 1 port 61cb went down
05-10 07:13:08.423 I/minksocket( 1477): MinkIPC MESSAGE: ( 1477:1559 ) MinkIPC_QRTR_Service:351 minkipc = 0xb400007327854850 sock = 29, client with node 1 port 61cb went down
05-10 07:13:09.419 I/minksocket( 1477): MinkIPC MESSAGE: ( 1477:1541 ) MinkIPC_QRTR_Service:351 minkipc = 0xb400007327854430 sock = 20, client with node 1 port 61d0 went down
05-10 07:13:09.420 I/minksocket( 1477): MinkIPC MESSAGE: ( 1477:1559 ) MinkIPC_QRTR_Service:351 minkipc = 0xb400007327854850 sock = 29, client with node 1 port 61d0 went down
05-10 07:13:09.424 I/minksocket( 1477): MinkIPC MESSAGE: ( 1477:1541 ) MinkIPC_QRTR_Service:351 minkipc = 0xb400007327854430 sock = 20, client with node 1 port 61d1 went down
05-10 07:13:09.425 I/minksocket( 1477): MinkIPC MESSAGE: ( 1477:1559 ) MinkIPC_QRTR_Service:351 minkipc = 0xb400007327854850 sock = 29, client with node 1 port 61d1 went down
05-10 07:13:09.429 I/minksocket( 1477): MinkIPC MESSAGE: ( 1477:1541 ) MinkIPC_QRTR_Service:351 minkipc = 0xb400007327854430 sock = 20, client with node 1 port 61d2 went down
05-10 07:13:09.429 I/minksocket( 1477): MinkIPC MESSAGE: ( 1477:1559 ) MinkIPC_QRTR_Service:351 minkipc = 0xb400007327854850 sock = 29, client with node 1 port 61d2 went down
05-10 07:13:09.433 I/minksocket( 1477): MinkIPC MESSAGE: ( 1477:1541 ) MinkIPC_QRTR_Service:351 minkipc = 0xb400007327854430 sock = 20, client with node 1 port 61d3 went down
05-10 07:13:09.434 I/minksocket( 1477): MinkIPC MESSAGE: ( 1477:1559 ) MinkIPC_QRTR_Service:351 minkipc = 0xb400007327854850 sock = 29, client with node 1 port 61d3 went down
05-10 07:13:10.027 I/CNSS    ( 2014): /sys/wifi/dump_in_progress doesn't exist
05-10 07:13:10.028 I/CNSS    ( 2014): /sys/wifi/max_chipset_log_size doesn't exist
05-10 07:13:10.341 W/pmCoreThread( 1595): type=1400 audit(0.0:2265110855): avc:  denied  { write } for  name="qlm_service" dev="tmpfs" ino=1638 scontext=u:r:vendor_hal_poweroptservice_qti:s0 tcontext=u:object_r:vendor_qlm_socket:s0 tclass=sock_file permissive=0
05-10 07:13:10.343 E/QLM-Client-Lib( 1595): QLM-Lib-Client:do_common_listen:connect failure, err:13, path:/dev/socket/qlm_service
05-10 07:13:10.571 I/CNSS    ( 2014): cnss_open_log_file: directory /data/vendor/wifi/wlan_logs/ created
05-10 07:13:10.807 I/minksocket( 1477): MinkIPC MESSAGE: ( 1477:1541 ) MinkIPC_QRTR_Service:351 minkipc = 0xb400007327854430 sock = 20, client with node 1 port 61d4 went down
05-10 07:13:10.808 I/minksocket( 1477): MinkIPC MESSAGE: ( 1477:1559 ) MinkIPC_QRTR_Service:351 minkipc = 0xb400007327854850 sock = 29, client with node 1 port 61d4 went down
05-10 07:13:10.813 I/minksocket( 1477): MinkIPC MESSAGE: ( 1477:1541 ) MinkIPC_QRTR_Service:351 minkipc = 0xb400007327854430 sock = 20, client with node 1 port 61d5 went down
05-10 07:13:10.813 I/minksocket( 1477): MinkIPC MESSAGE: ( 1477:1559 ) MinkIPC_QRTR_Service:351 minkipc = 0xb400007327854850 sock = 29, client with node 1 port 61d5 went down
05-10 07:13:10.817 I/minksocket( 1477): MinkIPC MESSAGE: ( 1477:1541 ) MinkIPC_QRTR_Service:351 minkipc = 0xb400007327854430 sock = 20, client with node 1 port 61d6 went down
05-10 07:13:10.818 I/minksocket( 1477): MinkIPC MESSAGE: ( 1477:1559 ) MinkIPC_QRTR_Service:351 minkipc = 0xb400007327854850 sock = 29, client with node 1 port 61d6 went down
05-10 07:13:10.821 I/minksocket( 1477): MinkIPC MESSAGE: ( 1477:1541 ) MinkIPC_QRTR_Service:351 minkipc = 0xb400007327854430 sock = 20, client with node 1 port 61d7 went down
05-10 07:13:10.821 I/minksocket( 1477): MinkIPC MESSAGE: ( 1477:1559 ) MinkIPC_QRTR_Service:351 minkipc = 0xb400007327854850 sock = 29, client with node 1 port 61d7 went down
05-10 07:13:04.572 E/ipa_pm_handle_suspend(19980): 1280 Client IPA_CLIENT_APPS_WAN_LOW_LAT_CONS woke up the system
05-10 07:13:11.348 D/ActivityManager( 2539): freezing 22084 com.android.settings.intelligence
05-10 07:13:11.350 D/ActivityManager( 2539): freezing 22043 com.nothing.universal.search
