05-10 07:12:01.619 I/vendor.qti.hardware.servicetrackeraidl-service( 1647): total connections for client : com.google.android.gmsare :2
05-10 07:12:01.623 D/AdvertisingIdClient(17564): AdvertisingIdClient is bounded
05-10 07:12:01.626 W/AdvertisingIdSettings(17564): Package com.nothing.weather failed Ad Id permission check. Apps that target Android SDK 33 or higher should declare com.google.android.gms.permission.AD_ID in the app manifest to access Ad Id.
05-10 07:12:01.627 I/AdvertisingIdClient(17564): shouldSendLog 1967925682
05-10 07:12:01.627 I/AdvertisingIdClient(17564): GetInfoInternal elapse 12ms
05-10 07:12:01.844 I/minksocket( 1477): MinkIPC MESSAGE: ( 1477:1541 ) MinkIPC_QRTR_Service:351 minkipc = 0xb400007327854430 sock = 20, client with node 1 port 60aa went down
05-10 07:12:01.844 I/minksocket( 1477): MinkIPC MESSAGE: ( 1477:1559 ) MinkIPC_QRTR_Service:351 minkipc = 0xb400007327854850 sock = 29, client with node 1 port 60aa went down
05-10 07:12:01.846 I/minksocket( 1477): MinkIPC MESSAGE: ( 1477:1541 ) MinkIPC_QRTR_Service:351 minkipc = 0xb400007327854430 sock = 20, client with node 1 port 60ab went down
05-10 07:12:01.846 I/minksocket( 1477): MinkIPC MESSAGE: ( 1477:1559 ) MinkIPC_QRTR_Service:351 minkipc = 0xb400007327854850 sock = 29, client with node 1 port 60ab went down
05-10 07:12:01.847 I/minksocket( 1477): MinkIPC MESSAGE: ( 1477:1541 ) MinkIPC_QRTR_Service:351 minkipc = 0xb400007327854430 sock = 20, client with node 1 port 60ac went down
05-10 07:12:01.848 I/minksocket( 1477): MinkIPC MESSAGE: ( 1477:1559 ) MinkIPC_QRTR_Service:351 minkipc = 0xb400007327854850 sock = 29, client with node 1 port 60ac went down
05-10 07:12:01.850 I/minksocket( 1477): MinkIPC MESSAGE: ( 1477:1541 ) MinkIPC_QRTR_Service:351 minkipc = 0xb400007327854430 sock = 20, client with node 1 port 60ae went down
05-10 07:12:01.850 I/minksocket( 1477): MinkIPC MESSAGE: ( 1477:1559 ) MinkIPC_QRTR_Service:351 minkipc = 0xb400007327854850 sock = 29, client with node 1 port 60ae went down
05-10 07:12:01.874 D/OomAdjuster( 2539): process : com.android.systemui, pid = 3257, isTop = false, uid = 10226, hasActivity = false
05-10 07:12:01.874 D/OomAdjuster( 2539): system app not need limit!
05-10 07:12:01.874 D/OomAdjuster( 2539): set group = -1
05-10 07:12:01.874 D/OomAdjuster( 2539): set cpuset: -1
05-10 07:12:02.109 W/System  ( 3257): A resource failed to call release. 
05-10 07:12:02.109 W/System  ( 3257): A resource failed to call release. 
05-10 07:12:02.109 W/System  ( 3257): A resource failed to call release. 
05-10 07:12:02.109 W/System  ( 3257): A resource failed to call release. 
05-10 07:12:02.109 W/System  ( 3257): A resource failed to call release. 
05-10 07:12:02.109 W/System  ( 3257): A resource failed to call release. 
05-10 07:12:02.109 W/System  ( 3257): A resource failed to call release. 
05-10 07:12:02.109 W/System  ( 3257): A resource failed to call release. 
05-10 07:12:02.109 W/System  ( 3257): A resource failed to call release. 
05-10 07:12:02.110 W/System  ( 3257): A resource failed to call release. 
05-10 07:12:02.110 W/System  ( 3257): A resource failed to call release. 
05-10 07:12:02.110 W/System  ( 3257): A resource failed to call release. 
05-10 07:12:02.110 W/System  ( 3257): A resource failed to call release. 
05-10 07:12:02.110 W/System  ( 3257): A resource failed to call release. 
05-10 07:12:02.187 I/SDM     ( 1627): DisplayBase::CommitThread: Received idle timeout, panel: video, timeout: 70000 us
05-10 07:12:02.229 V/WindowManagerShell( 3257): onTransitionReady(transaction=10904923723375)
05-10 07:12:02.231 V/WindowManager( 2539): Sent Transition (#25802) createdAt=05-10 07:12:02.226 via request=TransitionRequestInfo { type = SLEEP, triggerTask = null, pipChange = null, remoteTransition = null, displayChange = null, flags = 0, debugId = 25802 }
05-10 07:12:02.231 V/WindowManager( 2539):     startWCT=null
05-10 07:12:02.231 V/WindowManagerShell( 3257): Transition requested (#25802): android.os.BinderProxy@38360d5 TransitionRequestInfo { type = SLEEP, triggerTask = null, pipChange = null, remoteTransition = null, displayChange = null, flags = 0, debugId = 25802 }
05-10 07:12:02.231 V/WindowManager( 2539):     info={id=25802 t=SLEEP f=0x40 trk=0 isSameTaskSwitch=false r=[] c=[]}
05-10 07:12:02.232 D/OomAdjuster( 2539): set group = 5
05-10 07:12:02.232 D/OomAdjuster( 2539): set cpuset: 5
05-10 07:12:02.235 W/Transition( 2539): Transition already started id=25802 state=2
05-10 07:12:02.237 V/WindowManagerShell( 3257): onTransitionReady (#25802) android.os.BinderProxy@38360d5: {id=25802 t=SLEEP f=0x40 trk=0 isSameTaskSwitch=false r=[] c=[]}
05-10 07:12:02.237 V/WindowManagerShell( 3257): No transition roots in (#25802) android.os.BinderProxy@38360d5@0 so abort
05-10 07:12:02.238 D/PopUpViewTransitionObserver( 3257): onTransitionFinished: transition=android.os.BinderProxy@38360d5, taskInfo=[]
05-10 07:12:02.239 V/WindowManagerShell( 3257): Transition animation finished (aborted=true), notifying core (#25802) android.os.BinderProxy@38360d5@0
05-10 07:12:02.241 V/WindowManager( 2539): Finish Transition (#25802): created at 05-10 07:12:02.226 collect-started=0.291ms request-sent=0.381ms started=0.947ms ready=0.937ms sent=1.409ms finished=13.511ms
05-10 07:12:02.241 V/WindowManagerShell( 3257): Track 0 became idle
05-10 07:12:02.241 V/WindowManagerShell( 3257): All active transition animations finished
05-10 07:12:02.242 D/OomAdjuster( 2539): process : com.android.systemui, pid = 3257, isTop = false, uid = 10226, hasActivity = false
05-10 07:12:02.242 D/OomAdjuster( 2539): system app not need limit!
05-10 07:12:02.242 D/OomAdjuster( 2539): set group = -1
05-10 07:12:02.242 D/OomAdjuster( 2539): set cpuset: -1
05-10 07:12:02.535 I/NTWidget-(25262): Host queried service apiLevel = 7
05-10 07:12:02.540 I/vendor.qti.hardware.servicetrackeraidl-service( 1647): bindService is called for service : com.nothing.cardservice/.CardWidgetService and for client com.nothing.weather
05-10 07:12:02.541 I/vendor.qti.hardware.servicetrackeraidl-service( 1647): total connections for service : com.nothing.cardservice/.CardWidgetServiceare :6
05-10 07:12:02.541 I/vendor.qti.hardware.servicetrackeraidl-service( 1647): total connections for client : com.nothing.weatherare :4
05-10 07:12:02.541 I/NTWidget-BindServiceHandler2(25262): Run service connect callback.
05-10 07:12:02.542 I/NTWidget-BindServiceHandler2(25262): on card service connected.
05-10 07:12:02.542 I/NTWidget-BindServiceHandler2(25262): Begin bind card service firstly, waiting time = 6
05-10 07:12:02.542 I/NTWidget-Host(25262): onServiceBind service = j8.k@50f655b, isAlive = true
05-10 07:12:02.542 I/NTWidget-BindServiceHandler2(25262): Call bind card service over, cardService = j8.k@50f655b
05-10 07:12:02.546 I/NTWidget-CardWidgetService( 5553): getAppWidgetIds, component = ComponentInfo{com.nothing.weather/com.nothing.weather.widget.provider.ComboWidget1x1CardProvider}
05-10 07:12:02.546 I/NTWidget-CardWidgetService( 5553): getAppWidgetIds, component = ComponentInfo{com.nothing.weather/com.nothing.weather.widget.provider.RectangleWidgetCardProvider}
05-10 07:12:02.547 I/NTWidget-CardWidgetService( 5553): getAppWidgetIds, component = ComponentInfo{com.nothing.weather/com.nothing.weather.widget.provider.ComboWidgetCardProvider}
05-10 07:12:02.547 I/NTWidget-CardWidgetService( 5553): getAppWidgetIds, component = ComponentInfo{com.nothing.weather/com.nothing.weather.widget.provider.CircleWidgetCardProvider}
05-10 07:12:02.547 I/NTWidget-CardWidgetService( 5553): getAppWidgetIds, component = ComponentInfo{com.nothing.weather/com.nothing.weather.widget.provider.AirQualityWidgetCardProvider}
05-10 07:12:02.547 I/NTWidget-CardWidgetService( 5553): getAppWidgetIds, component = ComponentInfo{com.nothing.weather/com.nothing.weather.widget.provider.SquareWidgetCardProvider}
05-10 07:12:02.548 I/NTWidget-CardWidgetService( 5553): getAppWidgetIds, component = ComponentInfo{com.nothing.weather/com.nothing.weather.widget.provider.SunsetWidgetCardProvider}
05-10 07:12:02.947 I/minksocket( 1477): MinkIPC MESSAGE: ( 1477:1541 ) MinkIPC_QRTR_Service:351 minkipc = 0xb400007327854430 sock = 20, client with node 1 port 60af went down
05-10 07:12:02.947 I/minksocket( 1477): MinkIPC MESSAGE: ( 1477:1559 ) MinkIPC_QRTR_Service:351 minkipc = 0xb400007327854850 sock = 29, client with node 1 port 60af went down
05-10 07:12:02.949 I/minksocket( 1477): MinkIPC MESSAGE: ( 1477:1559 ) MinkIPC_QRTR_Service:351 minkipc = 0xb400007327854850 sock = 29, client with node 1 port 60b0 went down
05-10 07:12:02.950 I/minksocket( 1477): MinkIPC MESSAGE: ( 1477:1541 ) MinkIPC_QRTR_Service:351 minkipc = 0xb400007327854430 sock = 20, client with node 1 port 60b0 went down
05-10 07:12:02.951 I/minksocket( 1477): MinkIPC MESSAGE: ( 1477:1541 ) MinkIPC_QRTR_Service:351 minkipc = 0xb400007327854430 sock = 20, client with node 1 port 60b2 went down
05-10 07:12:02.951 I/minksocket( 1477): MinkIPC MESSAGE: ( 1477:1559 ) MinkIPC_QRTR_Service:351 minkipc = 0xb400007327854850 sock = 29, client with node 1 port 60b2 went down
05-10 07:12:02.955 I/minksocket( 1477): MinkIPC MESSAGE: ( 1477:1541 ) MinkIPC_QRTR_Service:351 minkipc = 0xb400007327854430 sock = 20, client with node 1 port 60b3 went down
05-10 07:12:02.955 I/minksocket( 1477): MinkIPC MESSAGE: ( 1477:1559 ) MinkIPC_QRTR_Service:351 minkipc = 0xb400007327854850 sock = 29, client with node 1 port 60b3 went down
05-10 07:12:04.047 I/minksocket( 1477): MinkIPC MESSAGE: ( 1477:1541 ) MinkIPC_QRTR_Service:351 minkipc = 0xb400007327854430 sock = 20, client with node 1 port 60b4 went down
05-10 07:12:04.047 I/minksocket( 1477): MinkIPC MESSAGE: ( 1477:1559 ) MinkIPC_QRTR_Service:351 minkipc = 0xb400007327854850 sock = 29, client with node 1 port 60b4 went down
05-10 07:12:04.056 I/minksocket( 1477): MinkIPC MESSAGE: ( 1477:1541 ) MinkIPC_QRTR_Service:351 minkipc = 0xb400007327854430 sock = 20, client with node 1 port 60b5 went down
05-10 07:12:04.057 I/minksocket( 1477): MinkIPC MESSAGE: ( 1477:1559 ) MinkIPC_QRTR_Service:351 minkipc = 0xb400007327854850 sock = 29, client with node 1 port 60b5 went down
05-10 07:12:04.062 I/minksocket( 1477): MinkIPC MESSAGE: ( 1477:1541 ) MinkIPC_QRTR_Service:351 minkipc = 0xb400007327854430 sock = 20, client with node 1 port 60b6 went down
05-10 07:12:04.063 I/minksocket( 1477): MinkIPC MESSAGE: ( 1477:1559 ) MinkIPC_QRTR_Service:351 minkipc = 0xb400007327854850 sock = 29, client with node 1 port 60b6 went down
05-10 07:12:04.066 I/minksocket( 1477): MinkIPC MESSAGE: ( 1477:1541 ) MinkIPC_QRTR_Service:351 minkipc = 0xb400007327854430 sock = 20, client with node 1 port 60b7 went down
05-10 07:12:04.067 I/minksocket( 1477): MinkIPC MESSAGE: ( 1477:1559 ) MinkIPC_QRTR_Service:351 minkipc = 0xb400007327854850 sock = 29, client with node 1 port 60b7 went down
05-10 07:11:58.011 E/healthd ( 1506): soc_b:0, soc:79, soc_c:80, Vol:4182, Cur:353,chg_s:1,t_l:185,b_s:2,OffTlast:0,lcd_off:1,Vu:4781,Vw:0,pid:1506,brightness:1.889764,rmCap:3949
05-10 07:11:58.011 E/healthd ( 1506): battery l=80 v=4182 t=37.0 h=2 st=2 c=353402 fc=4969000 cc=97 chg=u
05-10 07:12:04.646 E/NtChgAidl( 1606): NtChgAidl: mBattTempRegion _aidl_return:0
05-10 07:11:58.026 E/healthd ( 1506): soc_b:0, soc:79, soc_c:80, Vol:4182, Cur:353,chg_s:1,t_l:185,b_s:2,OffTlast:0,lcd_off:1,Vu:4781,Vw:0,pid:1506,brightness:1.889764,rmCap:3949
05-10 07:11:58.027 W/HealthLoop( 1506): debug.tracing.screen_brightness:1.889764
05-10 07:12:04.660 E/NtChgAidl( 1606): NtChgAidl: mBattTempRegion _aidl_return:0
05-10 07:12:04.928 D/Dragonite( 2539): release 71
05-10 07:12:05.148 I/minksocket( 1477): MinkIPC MESSAGE: ( 1477:1541 ) MinkIPC_QRTR_Service:351 minkipc = 0xb400007327854430 sock = 20, client with node 1 port 60b8 went down
05-10 07:12:05.148 I/minksocket( 1477): MinkIPC MESSAGE: ( 1477:1559 ) MinkIPC_QRTR_Service:351 minkipc = 0xb400007327854850 sock = 29, client with node 1 port 60b8 went down
05-10 07:12:05.150 I/minksocket( 1477): MinkIPC MESSAGE: ( 1477:1541 ) MinkIPC_QRTR_Service:351 minkipc = 0xb400007327854430 sock = 20, client with node 1 port 60b9 went down
05-10 07:12:05.151 I/minksocket( 1477): MinkIPC MESSAGE: ( 1477:1559 ) MinkIPC_QRTR_Service:351 minkipc = 0xb400007327854850 sock = 29, client with node 1 port 60b9 went down
05-10 07:12:05.152 I/minksocket( 1477): MinkIPC MESSAGE: ( 1477:1541 ) MinkIPC_QRTR_Service:351 minkipc = 0xb400007327854430 sock = 20, client with node 1 port 60ba went down
05-10 07:12:05.152 I/minksocket( 1477): MinkIPC MESSAGE: ( 1477:1559 ) MinkIPC_QRTR_Service:351 minkipc = 0xb400007327854850 sock = 29, client with node 1 port 60ba went down
05-10 07:12:05.154 I/minksocket( 1477): MinkIPC MESSAGE: ( 1477:1541 ) MinkIPC_QRTR_Service:351 minkipc = 0xb400007327854430 sock = 20, client with node 1 port 60bb went down
05-10 07:12:05.155 I/minksocket( 1477): MinkIPC MESSAGE: ( 1477:1559 ) MinkIPC_QRTR_Service:351 minkipc = 0xb400007327854850 sock = 29, client with node 1 port 60bb went down
05-10 07:12:05.321 W/pmCoreThread( 1595): type=1400 audit(0.0:2265110842): avc:  denied  { write } for  name="qlm_service" dev="tmpfs" ino=1638 scontext=u:r:vendor_hal_poweroptservice_qti:s0 tcontext=u:object_r:vendor_qlm_socket:s0 tclass=sock_file permissive=0
05-10 07:12:05.326 E/QLM-Client-Lib( 1595): QLM-Lib-Client:do_common_listen:connect failure, err:13, path:/dev/socket/qlm_service
05-10 07:12:05.991 D/BatteryChargeManager2( 3229): onSceneChanged: [screen_off]
05-10 07:12:05.993 D/ThermalMitigationStrategy( 3229): reEvaluate:  mPendingScenesInfo: scenes: [charger, screen_off] app: com.nothing.launcher appCat: -1 level: 6 temp: 38 uid: 10218 pid: 25870 mScenesInfo: scenes: [charger] app: com.nothing.launcher appCat: -1 level: 6 temp: 38 uid: 10218 pid: 25870 sceneChange: true appChange: false levelChange: false
05-10 07:12:05.993 D/ThermalMitigationStrategy( 3229): updatePolicyAndNotifyLocked222: origin config: {} last: {}
05-10 07:12:05.993 D/ThermalMitigationStrategy( 3229): updatePolicyAndNotifyLocked: no any update, return
05-10 07:12:05.994 D/BatteryChargeManager2( 3229): handleStateChange: new level: 20000 last level: 2500
05-10 07:12:05.994 D/BatteryChargeManager2( 3229): setChargeLevel: 20000
05-10 07:12:05.994 E/NtChgAidl( 1606): NtChgAidl: setChargeFccIn user:3,val = 20000
05-10 07:11:59.362 W/nt_vote ( 1606): FCC_MAIN: FCC_TEMPERATURE_CONTROL_VOTER,2 voting on of val=20000
05-10 07:11:59.362 W/nt_vote ( 1606): FCC_MAIN: effective vote is now 9000 voted by FCC_NT_CHG_VOTER,0
05-10 07:12:05.998 E/NtChgAidl( 1606): NtChgAidl: write_int  /proc/charger/scenario_fcc, val = 9000
05-10 07:12:06.042 D/UdfpsController( 3257): dismissFingerprintIcon() reason = DELAY_DISMISS_FINGERPRINT shouldHandleTouch = true
05-10 07:12:06.042 D/DeviceEntryUdfpsInteractor( 3257): setHandleTouchWhenHide true
05-10 07:12:06.042 D/DeviceEntryUdfpsInteractor( 3257): setUdfpsHide true
05-10 07:12:06.053 D/UdfpsController( 3257): dismissFingerprintIcon() reason = DELAY_DISMISS_FINGERPRINT shouldHandleTouch = true
05-10 07:12:06.053 D/DeviceEntryUdfpsInteractor( 3257): setHandleTouchWhenHide true
05-10 07:12:06.053 D/DeviceEntryUdfpsInteractor( 3257): setUdfpsHide true
05-10 07:12:06.053 D/UdfpsController( 3257): dismissFingerprintIcon() reason = DELAY_DISMISS_FINGERPRINT shouldHandleTouch = true
05-10 07:12:06.053 D/DeviceEntryUdfpsInteractor( 3257): setHandleTouchWhenHide true
05-10 07:12:06.053 D/DeviceEntryUdfpsInteractor( 3257): setUdfpsHide true
05-10 07:12:06.248 I/minksocket( 1477): MinkIPC MESSAGE: ( 1477:1559 ) MinkIPC_QRTR_Service:351 minkipc = 0xb400007327854850 sock = 29, client with node 1 port 60bc went down
05-10 07:12:06.248 I/minksocket( 1477): MinkIPC MESSAGE: ( 1477:1541 ) MinkIPC_QRTR_Service:351 minkipc = 0xb400007327854430 sock = 20, client with node 1 port 60bc went down
05-10 07:12:06.250 I/minksocket( 1477): MinkIPC MESSAGE: ( 1477:1559 ) MinkIPC_QRTR_Service:351 minkipc = 0xb400007327854850 sock = 29, client with node 1 port 60be went down
05-10 07:12:06.250 I/minksocket( 1477): MinkIPC MESSAGE: ( 1477:1541 ) MinkIPC_QRTR_Service:351 minkipc = 0xb400007327854430 sock = 20, client with node 1 port 60be went down
05-10 07:12:06.251 I/minksocket( 1477): MinkIPC MESSAGE: ( 1477:1559 ) MinkIPC_QRTR_Service:351 minkipc = 0xb400007327854850 sock = 29, client with node 1 port 60bf went down
05-10 07:12:06.251 I/minksocket( 1477): MinkIPC MESSAGE: ( 1477:1541 ) MinkIPC_QRTR_Service:351 minkipc = 0xb400007327854430 sock = 20, client with node 1 port 60bf went down
05-10 07:12:06.254 I/minksocket( 1477): MinkIPC MESSAGE: ( 1477:1541 ) MinkIPC_QRTR_Service:351 minkipc = 0xb400007327854430 sock = 20, client with node 1 port 60c0 went down
05-10 07:12:06.255 I/minksocket( 1477): MinkIPC MESSAGE: ( 1477:1559 ) MinkIPC_QRTR_Service:351 minkipc = 0xb400007327854850 sock = 29, client with node 1 port 60c0 went down
05-10 07:12:06.477 D/NtMemoryManager( 2539): don't raise adj due to remove task : com.whatsapp : -1
05-10 07:12:06.477 D/NtMemoryManager( 2539): com.instagram.android last pss: 1119348
05-10 07:12:06.477 D/NtMemoryManager( 2539): in.startv.hotstar last pss: 677700
05-10 07:12:06.478 D/NtMemoryManager( 2539): don't raise adj due to remove task : com.whatsapp : -1
05-10 07:12:06.478 D/NtMemoryManager( 2539): com.instagram.android last pss: 1119348
05-10 07:12:06.478 D/NtMemoryManager( 2539): in.startv.hotstar last pss: 677700
05-10 07:12:06.478 D/NtMemoryManager( 2539): don't raise adj due to remove task : com.whatsapp : -1
05-10 07:12:06.478 D/NtMemoryManager( 2539): com.instagram.android last pss: 1119348
05-10 07:12:06.479 D/NtMemoryManager( 2539): in.startv.hotstar last pss: 677700
05-10 07:12:06.479 D/NtMemoryManager( 2539): don't raise adj due to remove task : com.whatsapp : -1
05-10 07:12:06.479 D/NtMemoryManager( 2539): com.instagram.android last pss: 1119348
05-10 07:12:06.479 D/NtMemoryManager( 2539): in.startv.hotstar last pss: 677700
05-10 07:12:06.479 D/NtMemoryManager( 2539): don't raise adj due to remove task : com.whatsapp : -1
05-10 07:12:06.480 D/NtMemoryManager( 2539): com.instagram.android last pss: 1119348
05-10 07:12:06.480 D/NtMemoryManager( 2539): in.startv.hotstar last pss: 677700
05-10 07:12:07.071 D/NtMemoryManager( 2539): don't raise adj due to remove task : com.whatsapp : -1
05-10 07:12:07.072 D/NtMemoryManager( 2539): com.instagram.android last pss: 1119348
05-10 07:12:07.072 D/NtMemoryManager( 2539): in.startv.hotstar last pss: 677700
05-10 07:11:59.362 E/BATTERY_CHG( 1606): scenario_fcc_write: scenario_fcc_write,val:9000
05-10 07:12:09.072 D/DozeService( 3257): setDozeScreenState= state: 3, dozeScreenState: 3, cb: com.android.systemui.doze.DozeMachine$Service$Delegate.setDozeScreenState:721 com.android.systemui.doze.DozeMachine$Service$Delegate.setDozeScreenState:721 com.android.systemui.doze.DozeSuspendScreenStatePreventingAdapter.setDozeScreenState:40 com.android.systemui.doze.DozeScreenState.applyScreenState:463 com.android.systemui.doze.DozeScreenState.$r8$lambda$z5VvcEP0FxHuYP5DNIXAFKxmoZI:0 com.android.systemui.doze.DozeScreenState$$ExternalSyntheticLambda2.accept:0 com.nothing.systemui.doze.DozeScreenStateEx$4.run:386 android.os.Handler.handleCallback:995 
05-10 07:12:09.072 D/DozeService( 3257): request state is same with current state, skip change request
05-10 07:12:09.316 I/minksocket( 1477): MinkIPC MESSAGE: ( 1477:1541 ) MinkIPC_QRTR_Service:351 minkipc = 0xb400007327854430 sock = 20, client with node 1 port 60c2 went down
05-10 07:12:09.317 I/minksocket( 1477): MinkIPC MESSAGE: ( 1477:1559 ) MinkIPC_QRTR_Service:351 minkipc = 0xb400007327854850 sock = 29, client with node 1 port 60c2 went down
05-10 07:12:09.318 I/minksocket( 1477): MinkIPC MESSAGE: ( 1477:1541 ) MinkIPC_QRTR_Service:351 minkipc = 0xb400007327854430 sock = 20, client with node 1 port 60c3 went down
05-10 07:12:09.319 I/minksocket( 1477): MinkIPC MESSAGE: ( 1477:1559 ) MinkIPC_QRTR_Service:351 minkipc = 0xb400007327854850 sock = 29, client with node 1 port 60c3 went down
05-10 07:12:09.322 I/minksocket( 1477): MinkIPC MESSAGE: ( 1477:1541 ) MinkIPC_QRTR_Service:351 minkipc = 0xb400007327854430 sock = 20, client with node 1 port 60c4 went down
05-10 07:12:09.322 I/minksocket( 1477): MinkIPC MESSAGE: ( 1477:1559 ) MinkIPC_QRTR_Service:351 minkipc = 0xb400007327854850 sock = 29, client with node 1 port 60c4 went down
05-10 07:12:09.328 I/minksocket( 1477): MinkIPC MESSAGE: ( 1477:1541 ) MinkIPC_QRTR_Service:351 minkipc = 0xb400007327854430 sock = 20, client with node 1 port 60c5 went down
05-10 07:12:09.328 I/minksocket( 1477): MinkIPC MESSAGE: ( 1477:1559 ) MinkIPC_QRTR_Service:351 minkipc = 0xb400007327854850 sock = 29, client with node 1 port 60c5 went down
05-10 07:12:10.019 I/CNSS    ( 2014): /sys/wifi/dump_in_progress doesn't exist
05-10 07:12:10.019 I/CNSS    ( 2014): /sys/wifi/max_chipset_log_size doesn't exist
05-10 07:12:10.321 W/pmCoreThread( 1595): type=1400 audit(0.0:2265110843): avc:  denied  { write } for  name="qlm_service" dev="tmpfs" ino=1638 scontext=u:r:vendor_hal_poweroptservice_qti:s0 tcontext=u:object_r:vendor_qlm_socket:s0 tclass=sock_file permissive=0
05-10 07:12:10.327 E/QLM-Client-Lib( 1595): QLM-Lib-Client:do_common_listen:connect failure, err:13, path:/dev/socket/qlm_service
05-10 07:12:01.518 E/BATTERY_CHG(23948): handle_message: adsp_to_kernel_log:key_info:battid:100612 pump_chip:8582,buck_chip:89601,pump_en:0,buck_en:0,ovp:0,fcc:7050,fv:4500,icl:500,ibus_ma:459,usb_sus:0,BattInit:1,chg_type:2,soc:7949,real_cap:4969000,plug_in:1,plugGpio:0,usbTemp:0,battTemp:0,nt_cc_enable:0,2646:01,2654:75,2606:83,2708:0a,2952:0a,2658:b4,2707:0a,2b09:63,280c:08,280d:08,2910:11,2940:00,2941:00,270b:e2,4f46:80,2954:00,
05-10 07:12:10.415 I/minksocket( 1477): MinkIPC MESSAGE: ( 1477:1541 ) MinkIPC_QRTR_Service:351 minkipc = 0xb400007327854430 sock = 20, client with node 1 port 60c6 went down
05-10 07:12:10.415 I/minksocket( 1477): MinkIPC MESSAGE: ( 1477:1559 ) MinkIPC_QRTR_Service:351 minkipc = 0xb400007327854850 sock = 29, client with node 1 port 60c6 went down
05-10 07:12:10.421 I/minksocket( 1477): MinkIPC MESSAGE: ( 1477:1541 ) MinkIPC_QRTR_Service:351 minkipc = 0xb400007327854430 sock = 20, client with node 1 port 60c7 went down
05-10 07:12:10.421 I/minksocket( 1477): MinkIPC MESSAGE: ( 1477:1559 ) MinkIPC_QRTR_Service:351 minkipc = 0xb400007327854850 sock = 29, client with node 1 port 60c7 went down
05-10 07:12:10.425 I/minksocket( 1477): MinkIPC MESSAGE: ( 1477:1541 ) MinkIPC_QRTR_Service:351 minkipc = 0xb400007327854430 sock = 20, client with node 1 port 60c8 went down
05-10 07:12:10.425 I/minksocket( 1477): MinkIPC MESSAGE: ( 1477:1559 ) MinkIPC_QRTR_Service:351 minkipc = 0xb400007327854850 sock = 29, client with node 1 port 60c8 went down
05-10 07:12:10.429 I/minksocket( 1477): MinkIPC MESSAGE: ( 1477:1541 ) MinkIPC_QRTR_Service:351 minkipc = 0xb400007327854430 sock = 20, client with node 1 port 60ca went down
05-10 07:12:10.429 I/minksocket( 1477): MinkIPC MESSAGE: ( 1477:1559 ) MinkIPC_QRTR_Service:351 minkipc = 0xb400007327854850 sock = 29, client with node 1 port 60ca went down
05-10 07:12:11.515 I/minksocket( 1477): MinkIPC MESSAGE: ( 1477:1541 ) MinkIPC_QRTR_Service:351 minkipc = 0xb400007327854430 sock = 20, client with node 1 port 60cb went down
05-10 07:12:11.515 I/minksocket( 1477): MinkIPC MESSAGE: ( 1477:1559 ) MinkIPC_QRTR_Service:351 minkipc = 0xb400007327854850 sock = 29, client with node 1 port 60cb went down
05-10 07:12:11.518 I/minksocket( 1477): MinkIPC MESSAGE: ( 1477:1541 ) MinkIPC_QRTR_Service:351 minkipc = 0xb400007327854430 sock = 20, client with node 1 port 60cc went down
05-10 07:12:11.518 I/minksocket( 1477): MinkIPC MESSAGE: ( 1477:1559 ) MinkIPC_QRTR_Service:351 minkipc = 0xb400007327854850 sock = 29, client with node 1 port 60cc went down
05-10 07:12:11.521 I/minksocket( 1477): MinkIPC MESSAGE: ( 1477:1541 ) MinkIPC_QRTR_Service:351 minkipc = 0xb400007327854430 sock = 20, client with node 1 port 60ce went down
05-10 07:12:11.521 I/minksocket( 1477): MinkIPC MESSAGE: ( 1477:1559 ) MinkIPC_QRTR_Service:351 minkipc = 0xb400007327854850 sock = 29, client with node 1 port 60ce went down
05-10 07:12:11.524 I/minksocket( 1477): MinkIPC MESSAGE: ( 1477:1541 ) MinkIPC_QRTR_Service:351 minkipc = 0xb400007327854430 sock = 20, client with node 1 port 60cf went down
05-10 07:12:11.524 I/minksocket( 1477): MinkIPC MESSAGE: ( 1477:1559 ) MinkIPC_QRTR_Service:351 minkipc = 0xb400007327854850 sock = 29, client with node 1 port 60cf went down
05-10 07:12:11.653 I/vendor.qti.hardware.servicetrackeraidl-service( 1647): unbindService is called for service : com.google.android.gms/.measurement.service.MeasurementBrokerService and for client com.nothing.weather
05-10 07:12:11.654 I/vendor.qti.hardware.servicetrackeraidl-service( 1647): size of service connections for service: com.google.android.gms/.measurement.service.MeasurementBrokerServiceafter removal is 0
05-10 07:12:11.654 I/vendor.qti.hardware.servicetrackeraidl-service( 1647): size of client connections for client: com.nothing.weatherafter removal is 3
05-10 07:12:11.656 I/vendor.qti.hardware.servicetrackeraidl-service( 1647): destroyService is called for service : com.google.android.gms/.measurement.service.MeasurementBrokerService
05-10 07:12:11.656 D/BoundBrokerSvc(17564): onUnbind: Intent { act=com.google.android.gms.measurement.START xflg=0x4 pkg=com.google.android.gms }
05-10 07:12:11.785 I/keystore2( 1043): system/security/keystore2/watchdog/src/lib.rs:377 - Watchdog thread idle -> terminating. Have a great day.
05-10 07:12:12.615 I/minksocket( 1477): MinkIPC MESSAGE: ( 1477:1541 ) MinkIPC_QRTR_Service:351 minkipc = 0xb400007327854430 sock = 20, client with node 1 port 60d0 went down
05-10 07:12:12.615 I/minksocket( 1477): MinkIPC MESSAGE: ( 1477:1559 ) MinkIPC_QRTR_Service:351 minkipc = 0xb400007327854850 sock = 29, client with node 1 port 60d0 went down
05-10 07:12:12.617 I/minksocket( 1477): MinkIPC MESSAGE: ( 1477:1559 ) MinkIPC_QRTR_Service:351 minkipc = 0xb400007327854850 sock = 29, client with node 1 port 60d1 went down
05-10 07:12:12.617 I/minksocket( 1477): MinkIPC MESSAGE: ( 1477:1541 ) MinkIPC_QRTR_Service:351 minkipc = 0xb400007327854430 sock = 20, client with node 1 port 60d1 went down
05-10 07:12:12.618 I/minksocket( 1477): MinkIPC MESSAGE: ( 1477:1541 ) MinkIPC_QRTR_Service:351 minkipc = 0xb400007327854430 sock = 20, client with node 1 port 60d2 went down
05-10 07:12:12.618 I/minksocket( 1477): MinkIPC MESSAGE: ( 1477:1559 ) MinkIPC_QRTR_Service:351 minkipc = 0xb400007327854850 sock = 29, client with node 1 port 60d2 went down
05-10 07:12:12.622 I/minksocket( 1477): MinkIPC MESSAGE: ( 1477:1541 ) MinkIPC_QRTR_Service:351 minkipc = 0xb400007327854430 sock = 20, client with node 1 port 60d3 went down
05-10 07:12:12.622 I/minksocket( 1477): MinkIPC MESSAGE: ( 1477:1559 ) MinkIPC_QRTR_Service:351 minkipc = 0xb400007327854850 sock = 29, client with node 1 port 60d3 went down
05-10 07:12:07.461 E/ipa_pm_handle_suspend(25921): 1280 Client IPA_CLIENT_APPS_WAN_CONS woke up the system
05-10 07:12:14.195 I/minksocket( 1477): MinkIPC MESSAGE: ( 1477:1541 ) MinkIPC_QRTR_Service:351 minkipc = 0xb400007327854430 sock = 20, client with node 1 port 60d4 went down
05-10 07:12:14.196 I/minksocket( 1477): MinkIPC MESSAGE: ( 1477:1559 ) MinkIPC_QRTR_Service:351 minkipc = 0xb400007327854850 sock = 29, client with node 1 port 60d4 went down
05-10 07:12:14.205 I/minksocket( 1477): MinkIPC MESSAGE: ( 1477:1541 ) MinkIPC_QRTR_Service:351 minkipc = 0xb400007327854430 sock = 20, client with node 1 port 60d5 went down
05-10 07:12:14.205 I/minksocket( 1477): MinkIPC MESSAGE: ( 1477:1559 ) MinkIPC_QRTR_Service:351 minkipc = 0xb400007327854850 sock = 29, client with node 1 port 60d5 went down
05-10 07:12:14.209 I/minksocket( 1477): MinkIPC MESSAGE: ( 1477:1541 ) MinkIPC_QRTR_Service:351 minkipc = 0xb400007327854430 sock = 20, client with node 1 port 60d6 went down
05-10 07:12:14.209 I/minksocket( 1477): MinkIPC MESSAGE: ( 1477:1559 ) MinkIPC_QRTR_Service:351 minkipc = 0xb400007327854850 sock = 29, client with node 1 port 60d6 went down
05-10 07:12:14.212 I/minksocket( 1477): MinkIPC MESSAGE: ( 1477:1541 ) MinkIPC_QRTR_Service:351 minkipc = 0xb400007327854430 sock = 20, client with node 1 port 60d8 went down
05-10 07:12:14.213 I/minksocket( 1477): MinkIPC MESSAGE: ( 1477:1559 ) MinkIPC_QRTR_Service:351 minkipc = 0xb400007327854850 sock = 29, client with node 1 port 60d8 went down
05-10 07:12:14.217 I/minksocket( 1477): MinkIPC MESSAGE: ( 1477:1541 ) MinkIPC_QRTR_Service:351 minkipc = 0xb400007327854430 sock = 20, client with node 1 port 60d9 went down
05-10 07:12:14.217 I/minksocket( 1477): MinkIPC MESSAGE: ( 1477:1559 ) MinkIPC_QRTR_Service:351 minkipc = 0xb400007327854850 sock = 29, client with node 1 port 60d9 went down
05-10 07:12:14.221 I/minksocket( 1477): MinkIPC MESSAGE: ( 1477:1541 ) MinkIPC_QRTR_Service:351 minkipc = 0xb400007327854430 sock = 20, client with node 1 port 60da went down
05-10 07:12:14.221 I/minksocket( 1477): MinkIPC MESSAGE: ( 1477:1559 ) MinkIPC_QRTR_Service:351 minkipc = 0xb400007327854850 sock = 29, client with node 1 port 60da went down
05-10 07:12:14.224 I/minksocket( 1477): MinkIPC MESSAGE: ( 1477:1541 ) MinkIPC_QRTR_Service:351 minkipc = 0xb400007327854430 sock = 20, client with node 1 port 60dc went down
05-10 07:12:14.225 I/minksocket( 1477): MinkIPC MESSAGE: ( 1477:1559 ) MinkIPC_QRTR_Service:351 minkipc = 0xb400007327854850 sock = 29, client with node 1 port 60dc went down
05-10 07:12:14.228 I/minksocket( 1477): MinkIPC MESSAGE: ( 1477:1541 ) MinkIPC_QRTR_Service:351 minkipc = 0xb400007327854430 sock = 20, client with node 1 port 60dd went down
05-10 07:12:14.228 I/minksocket( 1477): MinkIPC MESSAGE: ( 1477:1559 ) MinkIPC_QRTR_Service:351 minkipc = 0xb400007327854850 sock = 29, client with node 1 port 60dd went down
05-10 07:12:14.233 I/minksocket( 1477): MinkIPC MESSAGE: ( 1477:1541 ) MinkIPC_QRTR_Service:351 minkipc = 0xb400007327854430 sock = 20, client with node 1 port 60de went down
05-10 07:12:14.233 I/minksocket( 1477): MinkIPC MESSAGE: ( 1477:1559 ) MinkIPC_QRTR_Service:351 minkipc = 0xb400007327854850 sock = 29, client with node 1 port 60de went down
05-10 07:12:14.236 I/minksocket( 1477): MinkIPC MESSAGE: ( 1477:1541 ) MinkIPC_QRTR_Service:351 minkipc = 0xb400007327854430 sock = 20, client with node 1 port 60df went down
05-10 07:12:14.236 I/minksocket( 1477): MinkIPC MESSAGE: ( 1477:1559 ) MinkIPC_QRTR_Service:351 minkipc = 0xb400007327854850 sock = 29, client with node 1 port 60df went down
05-10 07:12:07.930 E/ipa_pm_handle_suspend(24983): 1280 Client IPA_CLIENT_APPS_WAN_CONS woke up the system
05-10 07:12:15.111 I/vendor.qti.hardware.servicetrackeraidl-service( 1647): unbindService is called for service : com.google.android.gms/.chimera.PersistentDirectBootAwareApiService and for client com.google.android.apps.wellbeing
05-10 07:12:15.294 I/minksocket( 1477): MinkIPC MESSAGE: ( 1477:1541 ) MinkIPC_QRTR_Service:351 minkipc = 0xb400007327854430 sock = 20, client with node 1 port 60e0 went down
05-10 07:12:15.294 I/minksocket( 1477): MinkIPC MESSAGE: ( 1477:1559 ) MinkIPC_QRTR_Service:351 minkipc = 0xb400007327854850 sock = 29, client with node 1 port 60e0 went down
05-10 07:12:15.297 I/minksocket( 1477): MinkIPC MESSAGE: ( 1477:1541 ) MinkIPC_QRTR_Service:351 minkipc = 0xb400007327854430 sock = 20, client with node 1 port 60e1 went down
05-10 07:12:15.297 I/minksocket( 1477): MinkIPC MESSAGE: ( 1477:1559 ) MinkIPC_QRTR_Service:351 minkipc = 0xb400007327854850 sock = 29, client with node 1 port 60e1 went down
05-10 07:12:15.298 I/minksocket( 1477): MinkIPC MESSAGE: ( 1477:1541 ) MinkIPC_QRTR_Service:351 minkipc = 0xb400007327854430 sock = 20, client with node 1 port 60e2 went down
05-10 07:12:15.299 I/minksocket( 1477): MinkIPC MESSAGE: ( 1477:1559 ) MinkIPC_QRTR_Service:351 minkipc = 0xb400007327854850 sock = 29, client with node 1 port 60e2 went down
05-10 07:12:15.302 I/minksocket( 1477): MinkIPC MESSAGE: ( 1477:1541 ) MinkIPC_QRTR_Service:351 minkipc = 0xb400007327854430 sock = 20, client with node 1 port 60e3 went down
05-10 07:12:15.302 I/minksocket( 1477): MinkIPC MESSAGE: ( 1477:1559 ) MinkIPC_QRTR_Service:351 minkipc = 0xb400007327854850 sock = 29, client with node 1 port 60e3 went down
05-10 07:12:15.325 W/pmCoreThread( 1595): type=1400 audit(0.0:2265110844): avc:  denied  { write } for  name="qlm_service" dev="tmpfs" ino=1638 scontext=u:r:vendor_hal_poweroptservice_qti:s0 tcontext=u:object_r:vendor_qlm_socket:s0 tclass=sock_file permissive=0
05-10 07:12:15.328 E/QLM-Client-Lib( 1595): QLM-Lib-Client:do_common_listen:connect failure, err:13, path:/dev/socket/qlm_service
05-10 07:12:08.729 E/ipa_pm_handle_suspend(19980): 1280 Client IPA_CLIENT_APPS_WAN_CONS woke up the system
05-10 07:12:16.070 I/vendor.qti.hardware.servicetrackeraidl-service( 1647): unbindService is called for service : com.google.android.gms/.chimera.PersistentDirectBootAwareApiService and for client com.google.android.gms.persistent
05-10 07:12:16.073 D/BoundBrokerSvc(20612): onUnbind: Intent { act=com.google.android.gms.libs.gmscorelogger.service.START dat=chimera-action:/... xflg=0x4 cmp=com.google.android.gms/.chimera.PersistentDirectBootAwareApiService }
05-10 07:12:16.353 I/vendor.qti.hardware.servicetrackeraidl-service( 1647): unbindService is called for service : com.google.android.gms/.chimera.GmsApiService and for client com.google.android.googlequicksearchbox:googleapp
05-10 07:12:16.353 I/vendor.qti.hardware.servicetrackeraidl-service( 1647): size of service connections for service: com.google.android.gms/.chimera.GmsApiServiceafter removal is 6
05-10 07:12:16.353 I/vendor.qti.hardware.servicetrackeraidl-service( 1647): size of client connections for client: com.google.android.googlequicksearchbox:googleappafter removal is 2
05-10 07:12:16.395 I/minksocket( 1477): MinkIPC MESSAGE: ( 1477:1541 ) MinkIPC_QRTR_Service:351 minkipc = 0xb400007327854430 sock = 20, client with node 1 port 60e4 went down
05-10 07:12:16.396 I/minksocket( 1477): MinkIPC MESSAGE: ( 1477:1559 ) MinkIPC_QRTR_Service:351 minkipc = 0xb400007327854850 sock = 29, client with node 1 port 60e4 went down
05-10 07:12:16.397 I/minksocket( 1477): MinkIPC MESSAGE: ( 1477:1541 ) MinkIPC_QRTR_Service:351 minkipc = 0xb400007327854430 sock = 20, client with node 1 port 60e5 went down
05-10 07:12:16.397 I/minksocket( 1477): MinkIPC MESSAGE: ( 1477:1559 ) MinkIPC_QRTR_Service:351 minkipc = 0xb400007327854850 sock = 29, client with node 1 port 60e5 went down
05-10 07:12:16.398 I/minksocket( 1477): MinkIPC MESSAGE: ( 1477:1541 ) MinkIPC_QRTR_Service:351 minkipc = 0xb400007327854430 sock = 20, client with node 1 port 60e6 went down
05-10 07:12:16.398 I/minksocket( 1477): MinkIPC MESSAGE: ( 1477:1559 ) MinkIPC_QRTR_Service:351 minkipc = 0xb400007327854850 sock = 29, client with node 1 port 60e6 went down
05-10 07:12:16.402 I/minksocket( 1477): MinkIPC MESSAGE: ( 1477:1541 ) MinkIPC_QRTR_Service:351 minkipc = 0xb400007327854430 sock = 20, client with node 1 port 60e7 went down
05-10 07:12:16.403 I/minksocket( 1477): MinkIPC MESSAGE: ( 1477:1559 ) MinkIPC_QRTR_Service:351 minkipc = 0xb400007327854850 sock = 29, client with node 1 port 60e7 went down
05-10 07:12:16.500 I/minksocket( 1477): MinkIPC MESSAGE: ( 1477:1541 ) MinkIPC_QRTR_Service:351 minkipc = 0xb400007327854430 sock = 20, client with node 1 port 60d7 went down
05-10 07:12:16.500 I/minksocket( 1477): MinkIPC MESSAGE: ( 1477:1559 ) MinkIPC_QRTR_Service:351 minkipc = 0xb400007327854850 sock = 29, client with node 1 port 60d7 went down
05-10 07:12:16.502 I/minksocket( 1477): MinkIPC MESSAGE: ( 1477:1541 ) MinkIPC_QRTR_Service:351 minkipc = 0xb400007327854430 sock = 20, client with node 1 port 60db went down
05-10 07:12:16.503 I/minksocket( 1477): MinkIPC MESSAGE: ( 1477:1559 ) MinkIPC_QRTR_Service:351 minkipc = 0xb400007327854850 sock = 29, client with node 1 port 60db went down
05-10 07:12:16.541 I/vendor.qti.hardware.servicetrackeraidl-service( 1647): unbindService is called for service : com.google.android.gms/com.google.android.location.internal.GoogleLocationManagerService and for client com.nothing.weather
05-10 07:12:16.541 I/vendor.qti.hardware.servicetrackeraidl-service( 1647): size of service connections for service: com.google.android.gms/com.google.android.location.internal.GoogleLocationManagerServiceafter removal is 7
05-10 07:12:16.541 I/vendor.qti.hardware.servicetrackeraidl-service( 1647): size of client connections for client: com.nothing.weatherafter removal is 2
05-10 07:12:16.606 I/vendor.qti.hardware.servicetrackeraidl-service( 1647): unbindService is called for service : com.google.android.gms/.chimera.PersistentApiService and for client com.nothing.weather
05-10 07:12:16.607 I/vendor.qti.hardware.servicetrackeraidl-service( 1647): size of service connections for service: com.google.android.gms/.chimera.PersistentApiServiceafter removal is 70
05-10 07:12:16.607 I/vendor.qti.hardware.servicetrackeraidl-service( 1647): size of client connections for client: com.nothing.weatherafter removal is 1
05-10 07:12:10.489 E/ipa_pm_handle_suspend(19980): 1280 Client IPA_CLIENT_APPS_WAN_CONS woke up the system
05-10 07:12:17.131 D/InetDiagMessage( 2539): Destroyed 0 sockets, proto=IPPROTO_TCP, family=AF_INET, states=14
05-10 07:12:17.133 D/InetDiagMessage( 2539): Destroyed 0 sockets, proto=IPPROTO_TCP, family=AF_INET6, states=14
05-10 07:12:17.133 D/InetDiagMessage( 2539): Destroyed live tcp sockets for uids={10171, 20171, 1010226, 1020226} in 4ms
05-10 07:12:17.371 I/system_server( 2539): Background young concurrent mark compact GC freed 71MB AllocSpace bytes, 317(11MB) LOS objects, 51% free, 89MB/183MB, paused 1.541ms,9.196ms total 114.854ms
05-10 07:12:17.383 I/BpBinder( 2539): onLastStrongRef automatically unlinking death recipients: 
05-10 07:12:17.415 W/nothing.weather(25262): userfaultfd: MOVE ioctl seems unsupported: Connection timed out
05-10 07:12:17.501 I/minksocket( 1477): MinkIPC MESSAGE: ( 1477:1541 ) MinkIPC_QRTR_Service:351 minkipc = 0xb400007327854430 sock = 20, client with node 1 port 60e8 went down
05-10 07:12:17.501 I/minksocket( 1477): MinkIPC MESSAGE: ( 1477:1559 ) MinkIPC_QRTR_Service:351 minkipc = 0xb400007327854850 sock = 29, client with node 1 port 60e8 went down
05-10 07:12:17.503 I/minksocket( 1477): MinkIPC MESSAGE: ( 1477:1559 ) MinkIPC_QRTR_Service:351 minkipc = 0xb400007327854850 sock = 29, client with node 1 port 60e9 went down
05-10 07:12:17.504 I/minksocket( 1477): MinkIPC MESSAGE: ( 1477:1541 ) MinkIPC_QRTR_Service:351 minkipc = 0xb400007327854430 sock = 20, client with node 1 port 60e9 went down
05-10 07:12:17.506 I/minksocket( 1477): MinkIPC MESSAGE: ( 1477:1541 ) MinkIPC_QRTR_Service:351 minkipc = 0xb400007327854430 sock = 20, client with node 1 port 60ea went down
05-10 07:12:17.506 I/minksocket( 1477): MinkIPC MESSAGE: ( 1477:1559 ) MinkIPC_QRTR_Service:351 minkipc = 0xb400007327854850 sock = 29, client with node 1 port 60ea went down
05-10 07:12:17.509 I/minksocket( 1477): MinkIPC MESSAGE: ( 1477:1541 ) MinkIPC_QRTR_Service:351 minkipc = 0xb400007327854430 sock = 20, client with node 1 port 60eb went down
05-10 07:12:17.510 I/minksocket( 1477): MinkIPC MESSAGE: ( 1477:1559 ) MinkIPC_QRTR_Service:351 minkipc = 0xb400007327854850 sock = 29, client with node 1 port 60eb went down
05-10 07:12:10.967 E/ipa_pm_handle_suspend(19980): 1280 Client IPA_CLIENT_APPS_WAN_LOW_LAT_CONS woke up the system
05-10 07:12:18.600 I/minksocket( 1477): MinkIPC MESSAGE: ( 1477:1541 ) MinkIPC_QRTR_Service:351 minkipc = 0xb400007327854430 sock = 20, client with node 1 port 60ec went down
05-10 07:12:18.600 I/minksocket( 1477): MinkIPC MESSAGE: ( 1477:1559 ) MinkIPC_QRTR_Service:351 minkipc = 0xb400007327854850 sock = 29, client with node 1 port 60ec went down
05-10 07:12:18.608 I/minksocket( 1477): MinkIPC MESSAGE: ( 1477:1541 ) MinkIPC_QRTR_Service:351 minkipc = 0xb400007327854430 sock = 20, client with node 1 port 60ed went down
05-10 07:12:18.609 I/minksocket( 1477): MinkIPC MESSAGE: ( 1477:1559 ) MinkIPC_QRTR_Service:351 minkipc = 0xb400007327854850 sock = 29, client with node 1 port 60ed went down
05-10 07:12:18.613 I/minksocket( 1477): MinkIPC MESSAGE: ( 1477:1541 ) MinkIPC_QRTR_Service:351 minkipc = 0xb400007327854430 sock = 20, client with node 1 port 60ee went down
05-10 07:12:18.614 I/minksocket( 1477): MinkIPC MESSAGE: ( 1477:1559 ) MinkIPC_QRTR_Service:351 minkipc = 0xb400007327854850 sock = 29, client with node 1 port 60ee went down
05-10 07:12:18.617 I/minksocket( 1477): MinkIPC MESSAGE: ( 1477:1541 ) MinkIPC_QRTR_Service:351 minkipc = 0xb400007327854430 sock = 20, client with node 1 port 60ef went down
05-10 07:12:18.617 I/minksocket( 1477): MinkIPC MESSAGE: ( 1477:1559 ) MinkIPC_QRTR_Service:351 minkipc = 0xb400007327854850 sock = 29, client with node 1 port 60ef went down
05-10 07:12:19.449 E/BluetoothPowerStatsCollector( 2539): Cannot acquire BluetoothActivityEnergyInfo
05-10 07:12:19.449 E/BluetoothPowerStatsCollector( 2539): java.util.concurrent.ExecutionException: java.lang.RuntimeException: error: 11
05-10 07:12:19.449 E/BluetoothPowerStatsCollector( 2539): 	at java.util.concurrent.CompletableFuture.reportGet(CompletableFuture.java:372)
05-10 07:12:19.449 E/BluetoothPowerStatsCollector( 2539): 	at java.util.concurrent.CompletableFuture.get(CompletableFuture.java:2072)
05-10 07:12:19.449 E/BluetoothPowerStatsCollector( 2539): 	at com.android.server.power.stats.BluetoothPowerStatsCollector.collectBluetoothActivityInfo(BluetoothPowerStatsCollector.java:192)
05-10 07:12:19.449 E/BluetoothPowerStatsCollector( 2539): 	at com.android.server.power.stats.BluetoothPowerStatsCollector.collectStats(BluetoothPowerStatsCollector.java:155)
05-10 07:12:19.449 E/BluetoothPowerStatsCollector( 2539): 	at com.android.server.power.stats.PowerStatsCollector.collectAndDeliverStats(PowerStatsCollector.java:176)
05-10 07:12:19.449 E/BluetoothPowerStatsCollector( 2539): 	at com.android.server.power.stats.PowerStatsCollector$$ExternalSyntheticLambda0.run(R8$$SyntheticClass:0)
05-10 07:12:19.449 E/BluetoothPowerStatsCollector( 2539): 	at android.os.Handler.handleCallback(Handler.java:995)
05-10 07:12:19.449 E/BluetoothPowerStatsCollector( 2539): 	at android.os.Handler.dispatchMessage(Handler.java:103)
05-10 07:12:19.449 E/BluetoothPowerStatsCollector( 2539): 	at android.os.Looper.loopOnce(Looper.java:283)
05-10 07:12:19.449 E/BluetoothPowerStatsCollector( 2539): 	at android.os.Looper.loop(Looper.java:392)
05-10 07:12:19.449 E/BluetoothPowerStatsCollector( 2539): 	at android.os.HandlerThread.run(HandlerThread.java:94)
05-10 07:12:19.449 E/BluetoothPowerStatsCollector( 2539): Caused by: java.lang.RuntimeException: error: 11
05-10 07:12:19.449 E/BluetoothPowerStatsCollector( 2539): 	at com.android.server.power.stats.BluetoothPowerStatsCollector$1.onBluetoothActivityEnergyInfoError(BluetoothPowerStatsCollector.java:181)
05-10 07:12:19.449 E/BluetoothPowerStatsCollector( 2539): 	at android.bluetooth.BluetoothAdapter$OnBluetoothActivityEnergyInfoProxy.lambda$onBluetoothActivityEnergyInfoAvailable$0(BluetoothAdapter.java:1040)
05-10 07:12:19.449 E/BluetoothPowerStatsCollector( 2539): 	at android.bluetooth.BluetoothAdapter$OnBluetoothActivityEnergyInfoProxy$$ExternalSyntheticLambda1.run(D8$$SyntheticClass:0)
05-10 07:12:19.449 E/BluetoothPowerStatsCollector( 2539): 	at android.bluetooth.BluetoothUtils.lambda$executeFromBinder$0(BluetoothUtils.java:343)
05-10 07:12:19.449 E/BluetoothPowerStatsCollector( 2539): 	at android.bluetooth.BluetoothUtils$$ExternalSyntheticLambda1.run(D8$$SyntheticClass:0)
05-10 07:12:19.449 E/BluetoothPowerStatsCollector( 2539): 	at com.android.server.SystemServerInitThreadPool$$ExternalSyntheticLambda0.execute(R8$$SyntheticClass:0)
05-10 07:12:19.449 E/BluetoothPowerStatsCollector( 2539): 	at android.bluetooth.BluetoothUtils.executeFromBinder(BluetoothUtils.java:343)
05-10 07:12:19.449 E/BluetoothPowerStatsCollector( 2539): 	at android.bluetooth.BluetoothAdapter$OnBluetoothActivityEnergyInfoProxy.onBluetoothActivityEnergyInfoAvailable(BluetoothAdapter.java:1038)
05-10 07:12:19.449 E/BluetoothPowerStatsCollector( 2539): 	at android.bluetooth.IBluetoothActivityEnergyInfoListener$Stub.onTransact(IBluetoothActivityEnergyInfoListener.java:98)
05-10 07:12:19.449 E/BluetoothPowerStatsCollector( 2539): 	at android.os.Binder.execTransactInternal(Binder.java:1433)
05-10 07:12:19.449 E/BluetoothPowerStatsCollector( 2539): 	at android.os.Binder.execTransact(Binder.java:1372)
05-10 07:12:19.458 I/SensorService( 2539): checkAndReportAmbientLightSensorStateChangeLocked new 0 old 0 force 0
05-10 07:12:20.001 I/CNSS    ( 2014): /sys/wifi/dump_in_progress doesn't exist
05-10 07:12:20.001 I/CNSS    ( 2014): /sys/wifi/max_chipset_log_size doesn't exist
05-10 07:12:20.013 W/PackageManager( 2539): Not removing package com.google.android.trichromelibrary hosting lib com.google.android.trichromelibrary version 772713733 used by [VersionedPackage[com.android.chrome/772713733]] for user 0
05-10 07:12:20.180 I/minksocket( 1477): MinkIPC MESSAGE: ( 1477:1541 ) MinkIPC_QRTR_Service:351 minkipc = 0xb400007327854430 sock = 20, client with node 1 port 60f0 went down
05-10 07:12:20.180 I/minksocket( 1477): MinkIPC MESSAGE: ( 1477:1559 ) MinkIPC_QRTR_Service:351 minkipc = 0xb400007327854850 sock = 29, client with node 1 port 60f0 went down
05-10 07:12:20.185 I/minksocket( 1477): MinkIPC MESSAGE: ( 1477:1541 ) MinkIPC_QRTR_Service:351 minkipc = 0xb400007327854430 sock = 20, client with node 1 port 60f1 went down
05-10 07:12:20.185 I/minksocket( 1477): MinkIPC MESSAGE: ( 1477:1559 ) MinkIPC_QRTR_Service:351 minkipc = 0xb400007327854850 sock = 29, client with node 1 port 60f1 went down
05-10 07:12:20.189 I/minksocket( 1477): MinkIPC MESSAGE: ( 1477:1541 ) MinkIPC_QRTR_Service:351 minkipc = 0xb400007327854430 sock = 20, client with node 1 port 60f2 went down
05-10 07:12:20.189 I/minksocket( 1477): MinkIPC MESSAGE: ( 1477:1559 ) MinkIPC_QRTR_Service:351 minkipc = 0xb400007327854850 sock = 29, client with node 1 port 60f2 went down
05-10 07:12:20.193 I/minksocket( 1477): MinkIPC MESSAGE: ( 1477:1541 ) MinkIPC_QRTR_Service:351 minkipc = 0xb400007327854430 sock = 20, client with node 1 port 60f3 went down
05-10 07:12:20.193 I/minksocket( 1477): MinkIPC MESSAGE: ( 1477:1559 ) MinkIPC_QRTR_Service:351 minkipc = 0xb400007327854850 sock = 29, client with node 1 port 60f3 went down
05-10 07:12:20.325 W/pmCoreThread( 1595): type=1400 audit(0.0:2265110845): avc:  denied  { write } for  name="qlm_service" dev="tmpfs" ino=1638 scontext=u:r:vendor_hal_poweroptservice_qti:s0 tcontext=u:object_r:vendor_qlm_socket:s0 tclass=sock_file permissive=0
05-10 07:12:20.330 E/QLM-Client-Lib( 1595): QLM-Lib-Client:do_common_listen:connect failure, err:13, path:/dev/socket/qlm_service
05-10 07:12:13.849 E/ipa_pm_handle_suspend(19980): 1280 Client IPA_CLIENT_APPS_WAN_CONS woke up the system
05-10 07:12:20.679 I/minksocket( 1477): MinkIPC MESSAGE: ( 1477:1541 ) MinkIPC_QRTR_Service:351 minkipc = 0xb400007327854430 sock = 20, client with node 1 port 60f4 went down
05-10 07:12:20.679 I/minksocket( 1477): MinkIPC MESSAGE: ( 1477:1559 ) MinkIPC_QRTR_Service:351 minkipc = 0xb400007327854850 sock = 29, client with node 1 port 60f4 went down
05-10 07:12:20.685 I/minksocket( 1477): MinkIPC MESSAGE: ( 1477:1541 ) MinkIPC_QRTR_Service:351 minkipc = 0xb400007327854430 sock = 20, client with node 1 port 60f5 went down
05-10 07:12:20.685 I/minksocket( 1477): MinkIPC MESSAGE: ( 1477:1559 ) MinkIPC_QRTR_Service:351 minkipc = 0xb400007327854850 sock = 29, client with node 1 port 60f5 went down
05-10 07:12:20.690 I/minksocket( 1477): MinkIPC MESSAGE: ( 1477:1541 ) MinkIPC_QRTR_Service:351 minkipc = 0xb400007327854430 sock = 20, client with node 1 port 60f6 went down
05-10 07:12:20.690 I/minksocket( 1477): MinkIPC MESSAGE: ( 1477:1559 ) MinkIPC_QRTR_Service:351 minkipc = 0xb400007327854850 sock = 29, client with node 1 port 60f6 went down
05-10 07:12:20.695 I/minksocket( 1477): MinkIPC MESSAGE: ( 1477:1541 ) MinkIPC_QRTR_Service:351 minkipc = 0xb400007327854430 sock = 20, client with node 1 port 60f8 went down
05-10 07:12:20.696 I/minksocket( 1477): MinkIPC MESSAGE: ( 1477:1559 ) MinkIPC_QRTR_Service:351 minkipc = 0xb400007327854850 sock = 29, client with node 1 port 60f8 went down
05-10 07:12:20.702 I/minksocket( 1477): MinkIPC MESSAGE: ( 1477:1541 ) MinkIPC_QRTR_Service:351 minkipc = 0xb400007327854430 sock = 20, client with node 1 port 60f9 went down
05-10 07:12:20.703 I/minksocket( 1477): MinkIPC MESSAGE: ( 1477:1559 ) MinkIPC_QRTR_Service:351 minkipc = 0xb400007327854850 sock = 29, client with node 1 port 60f9 went down
05-10 07:12:20.707 I/minksocket( 1477): MinkIPC MESSAGE: ( 1477:1541 ) MinkIPC_QRTR_Service:351 minkipc = 0xb400007327854430 sock = 20, client with node 1 port 60fa went down
05-10 07:12:20.708 I/minksocket( 1477): MinkIPC MESSAGE: ( 1477:1559 ) MinkIPC_QRTR_Service:351 minkipc = 0xb400007327854850 sock = 29, client with node 1 port 60fa went down
05-10 07:12:21.071 D/InetDiagMessage( 2539): Destroyed 0 sockets, proto=IPPROTO_TCP, family=AF_INET, states=14
05-10 07:12:21.074 D/InetDiagMessage( 2539): Destroyed 0 sockets, proto=IPPROTO_TCP, family=AF_INET6, states=14
05-10 07:12:21.074 D/InetDiagMessage( 2539): Destroyed live tcp sockets for uids={10139} in 5ms
05-10 07:12:21.076 D/InetDiagMessage( 2539): Destroyed 0 sockets, proto=IPPROTO_TCP, family=AF_INET, states=14
05-10 07:12:21.077 D/InetDiagMessage( 2539): Destroyed 0 sockets, proto=IPPROTO_TCP, family=AF_INET6, states=14
05-10 07:12:21.078 D/InetDiagMessage( 2539): Destroyed live tcp sockets for uids={20139} in 3ms
05-10 07:12:14.504 I/servicemanager(  803): Notifying apexservice they don't (previously: do) have clients when we now have no record of a client
05-10 07:12:14.504 I/servicemanager(  803): Notifying artd they don't (previously: do) have clients when we now have no record of a client
